INFO:     Will watch for changes in these directories: ['/Users/mery/GitHub/UnthAI/Solution/backend']
INFO:     Uvicorn running on http://127.0.0.1:8001 (Press CTRL+C to quit)
INFO:     Started reloader process [18814] using StatReload
INFO:     Started server process [18864]
INFO:     Waiting for application startup.
INFO:     Application startup complete.
WARNING:  StatReload detected changes in 'app/main.py'. Reloading...
INFO:     Shutting down
INFO:     Waiting for application shutdown.
INFO:     Application shutdown complete.
INFO:     Finished server process [18864]
INFO:     Started server process [19089]
INFO:     Waiting for application startup.
INFO:     Application startup complete.
INFO:     127.0.0.1:59476 - "POST /token HTTP/1.1" 200 OK
INFO:     127.0.0.1:59476 - "GET /api/user/me HTTP/1.1" 200 OK
INFO:     127.0.0.1:59476 - "GET /api/dashboard/summary?start_date=&end_date= HTTP/1.1" 500 Internal Server Error
ERROR:    Exception in ASGI application
Traceback (most recent call last):
  File "/Users/mery/GitHub/UnthAI/Solution/backend/venv/lib/python3.14/site-packages/uvicorn/protocols/http/h11_impl.py", line 410, in run_asgi
    result = await app(  # type: ignore[func-returns-value]
             ^^^^^^^^^^^^^^^^^^^^^^^^^^^^^^^^^^^^^^^^^^^^^^
        self.scope, self.receive, self.send
        ^^^^^^^^^^^^^^^^^^^^^^^^^^^^^^^^^^^
    )
    ^
  File "/Users/mery/GitHub/UnthAI/Solution/backend/venv/lib/python3.14/site-packages/uvicorn/middleware/proxy_headers.py", line 60, in __call__
    return await self.app(scope, receive, send)
           ^^^^^^^^^^^^^^^^^^^^^^^^^^^^^^^^^^^^
  File "/Users/mery/GitHub/UnthAI/Solution/backend/venv/lib/python3.14/site-packages/fastapi/applications.py", line 1135, in __call__
    await super().__call__(scope, receive, send)
  File "/Users/mery/GitHub/UnthAI/Solution/backend/venv/lib/python3.14/site-packages/starlette/applications.py", line 107, in __call__
    await self.middleware_stack(scope, receive, send)
  File "/Users/mery/GitHub/UnthAI/Solution/backend/venv/lib/python3.14/site-packages/starlette/middleware/errors.py", line 186, in __call__
    raise exc
  File "/Users/mery/GitHub/UnthAI/Solution/backend/venv/lib/python3.14/site-packages/starlette/middleware/errors.py", line 164, in __call__
    await self.app(scope, receive, _send)
  File "/Users/mery/GitHub/UnthAI/Solution/backend/venv/lib/python3.14/site-packages/starlette/middleware/cors.py", line 93, in __call__
    await self.simple_response(scope, receive, send, request_headers=headers)
  File "/Users/mery/GitHub/UnthAI/Solution/backend/venv/lib/python3.14/site-packages/starlette/middleware/cors.py", line 144, in simple_response
    await self.app(scope, receive, send)
  File "/Users/mery/GitHub/UnthAI/Solution/backend/venv/lib/python3.14/site-packages/starlette/middleware/exceptions.py", line 63, in __call__
    await wrap_app_handling_exceptions(self.app, conn)(scope, receive, send)
  File "/Users/mery/GitHub/UnthAI/Solution/backend/venv/lib/python3.14/site-packages/starlette/_exception_handler.py", line 53, in wrapped_app
    raise exc
  File "/Users/mery/GitHub/UnthAI/Solution/backend/venv/lib/python3.14/site-packages/starlette/_exception_handler.py", line 42, in wrapped_app
    await app(scope, receive, sender)
  File "/Users/mery/GitHub/UnthAI/Solution/backend/venv/lib/python3.14/site-packages/fastapi/middleware/asyncexitstack.py", line 18, in __call__
    await self.app(scope, receive, send)
  File "/Users/mery/GitHub/UnthAI/Solution/backend/venv/lib/python3.14/site-packages/starlette/routing.py", line 716, in __call__
    await self.middleware_stack(scope, receive, send)
  File "/Users/mery/GitHub/UnthAI/Solution/backend/venv/lib/python3.14/site-packages/starlette/routing.py", line 736, in app
    await route.handle(scope, receive, send)
  File "/Users/mery/GitHub/UnthAI/Solution/backend/venv/lib/python3.14/site-packages/starlette/routing.py", line 290, in handle
    await self.app(scope, receive, send)
  File "/Users/mery/GitHub/UnthAI/Solution/backend/venv/lib/python3.14/site-packages/fastapi/routing.py", line 115, in app
    await wrap_app_handling_exceptions(app, request)(scope, receive, send)
  File "/Users/mery/GitHub/UnthAI/Solution/backend/venv/lib/python3.14/site-packages/starlette/_exception_handler.py", line 53, in wrapped_app
    raise exc
  File "/Users/mery/GitHub/UnthAI/Solution/backend/venv/lib/python3.14/site-packages/starlette/_exception_handler.py", line 42, in wrapped_app
    await app(scope, receive, sender)
  File "/Users/mery/GitHub/UnthAI/Solution/backend/venv/lib/python3.14/site-packages/fastapi/routing.py", line 101, in app
    response = await f(request)
               ^^^^^^^^^^^^^^^^
  File "/Users/mery/GitHub/UnthAI/Solution/backend/venv/lib/python3.14/site-packages/fastapi/routing.py", line 355, in app
    raw_response = await run_endpoint_function(
                   ^^^^^^^^^^^^^^^^^^^^^^^^^^^^
    ...<3 lines>...
    )
    ^
  File "/Users/mery/GitHub/UnthAI/Solution/backend/venv/lib/python3.14/site-packages/fastapi/routing.py", line 243, in run_endpoint_function
    return await dependant.call(**values)
           ^^^^^^^^^^^^^^^^^^^^^^^^^^^^^^
  File "/Users/mery/GitHub/UnthAI/Solution/backend/app/main.py", line 148, in get_dashboard_summary
    df_user = get_restaurant_df(current_user["restaurant_name"])
  File "/Users/mery/GitHub/UnthAI/Solution/backend/app/main.py", line 66, in get_restaurant_df
    df['date_dt_all'] = pd.to_datetime(df['date'], utc=True)
                        ~~~~~~~~~~~~~~^^^^^^^^^^^^^^^^^^^^^^
  File "/Users/mery/GitHub/UnthAI/Solution/backend/venv/lib/python3.14/site-packages/pandas/core/tools/datetimes.py", line 1040, in to_datetime
    values = convert_listlike(arg._values, format)
  File "/Users/mery/GitHub/UnthAI/Solution/backend/venv/lib/python3.14/site-packages/pandas/core/tools/datetimes.py", line 435, in _convert_listlike_datetimes
    return _array_strptime_with_fallback(arg, name, utc, format, exact, errors)
  File "/Users/mery/GitHub/UnthAI/Solution/backend/venv/lib/python3.14/site-packages/pandas/core/tools/datetimes.py", line 470, in _array_strptime_with_fallback
    result, tz_out = array_strptime(arg, fmt, exact=exact, errors=errors, utc=utc)
                     ~~~~~~~~~~~~~~^^^^^^^^^^^^^^^^^^^^^^^^^^^^^^^^^^^^^^^^^^^^^^^
  File "pandas/_libs/tslibs/strptime.pyx", line 563, in pandas._libs.tslibs.strptime.array_strptime
  File "pandas/_libs/tslibs/strptime.pyx", line 511, in pandas._libs.tslibs.strptime.array_strptime
  File "pandas/_libs/tslibs/strptime.pyx", line 621, in pandas._libs.tslibs.strptime._parse_with_format
ValueError: unconverted data remains when parsing with format "%Y-%m-%dT%H:%M:%S.%f": "Z". You might want to try:
    - passing `format` if your strings have a consistent format;
    - passing `format='ISO8601'` if your strings are all ISO8601 but not necessarily in exactly the same format;
    - passing `format='mixed'`, and the format will be inferred for each element individually. You might want to use `dayfirst` alongside this.
INFO:     127.0.0.1:59479 - "GET /api/user/me HTTP/1.1" 200 OK
INFO:     127.0.0.1:59480 - "GET /api/dashboard/summary?start_date=&end_date= HTTP/1.1" 500 Internal Server Error
ERROR:    Exception in ASGI application
Traceback (most recent call last):
  File "/Users/mery/GitHub/UnthAI/Solution/backend/venv/lib/python3.14/site-packages/uvicorn/protocols/http/h11_impl.py", line 410, in run_asgi
    result = await app(  # type: ignore[func-returns-value]
             ^^^^^^^^^^^^^^^^^^^^^^^^^^^^^^^^^^^^^^^^^^^^^^
        self.scope, self.receive, self.send
        ^^^^^^^^^^^^^^^^^^^^^^^^^^^^^^^^^^^
    )
    ^
  File "/Users/mery/GitHub/UnthAI/Solution/backend/venv/lib/python3.14/site-packages/uvicorn/middleware/proxy_headers.py", line 60, in __call__
    return await self.app(scope, receive, send)
           ^^^^^^^^^^^^^^^^^^^^^^^^^^^^^^^^^^^^
  File "/Users/mery/GitHub/UnthAI/Solution/backend/venv/lib/python3.14/site-packages/fastapi/applications.py", line 1135, in __call__
    await super().__call__(scope, receive, send)
  File "/Users/mery/GitHub/UnthAI/Solution/backend/venv/lib/python3.14/site-packages/starlette/applications.py", line 107, in __call__
    await self.middleware_stack(scope, receive, send)
  File "/Users/mery/GitHub/UnthAI/Solution/backend/venv/lib/python3.14/site-packages/starlette/middleware/errors.py", line 186, in __call__
    raise exc
  File "/Users/mery/GitHub/UnthAI/Solution/backend/venv/lib/python3.14/site-packages/starlette/middleware/errors.py", line 164, in __call__
    await self.app(scope, receive, _send)
  File "/Users/mery/GitHub/UnthAI/Solution/backend/venv/lib/python3.14/site-packages/starlette/middleware/cors.py", line 93, in __call__
    await self.simple_response(scope, receive, send, request_headers=headers)
  File "/Users/mery/GitHub/UnthAI/Solution/backend/venv/lib/python3.14/site-packages/starlette/middleware/cors.py", line 144, in simple_response
    await self.app(scope, receive, send)
  File "/Users/mery/GitHub/UnthAI/Solution/backend/venv/lib/python3.14/site-packages/starlette/middleware/exceptions.py", line 63, in __call__
    await wrap_app_handling_exceptions(self.app, conn)(scope, receive, send)
  File "/Users/mery/GitHub/UnthAI/Solution/backend/venv/lib/python3.14/site-packages/starlette/_exception_handler.py", line 53, in wrapped_app
    raise exc
  File "/Users/mery/GitHub/UnthAI/Solution/backend/venv/lib/python3.14/site-packages/starlette/_exception_handler.py", line 42, in wrapped_app
    await app(scope, receive, sender)
  File "/Users/mery/GitHub/UnthAI/Solution/backend/venv/lib/python3.14/site-packages/fastapi/middleware/asyncexitstack.py", line 18, in __call__
    await self.app(scope, receive, send)
  File "/Users/mery/GitHub/UnthAI/Solution/backend/venv/lib/python3.14/site-packages/starlette/routing.py", line 716, in __call__
    await self.middleware_stack(scope, receive, send)
  File "/Users/mery/GitHub/UnthAI/Solution/backend/venv/lib/python3.14/site-packages/starlette/routing.py", line 736, in app
    await route.handle(scope, receive, send)
  File "/Users/mery/GitHub/UnthAI/Solution/backend/venv/lib/python3.14/site-packages/starlette/routing.py", line 290, in handle
    await self.app(scope, receive, send)
  File "/Users/mery/GitHub/UnthAI/Solution/backend/venv/lib/python3.14/site-packages/fastapi/routing.py", line 115, in app
    await wrap_app_handling_exceptions(app, request)(scope, receive, send)
  File "/Users/mery/GitHub/UnthAI/Solution/backend/venv/lib/python3.14/site-packages/starlette/_exception_handler.py", line 53, in wrapped_app
    raise exc
  File "/Users/mery/GitHub/UnthAI/Solution/backend/venv/lib/python3.14/site-packages/starlette/_exception_handler.py", line 42, in wrapped_app
    await app(scope, receive, sender)
  File "/Users/mery/GitHub/UnthAI/Solution/backend/venv/lib/python3.14/site-packages/fastapi/routing.py", line 101, in app
    response = await f(request)
               ^^^^^^^^^^^^^^^^
  File "/Users/mery/GitHub/UnthAI/Solution/backend/venv/lib/python3.14/site-packages/fastapi/routing.py", line 355, in app
    raw_response = await run_endpoint_function(
                   ^^^^^^^^^^^^^^^^^^^^^^^^^^^^
    ...<3 lines>...
    )
    ^
  File "/Users/mery/GitHub/UnthAI/Solution/backend/venv/lib/python3.14/site-packages/fastapi/routing.py", line 243, in run_endpoint_function
    return await dependant.call(**values)
           ^^^^^^^^^^^^^^^^^^^^^^^^^^^^^^
  File "/Users/mery/GitHub/UnthAI/Solution/backend/app/main.py", line 148, in get_dashboard_summary
    df_user = get_restaurant_df(current_user["restaurant_name"])
  File "/Users/mery/GitHub/UnthAI/Solution/backend/app/main.py", line 66, in get_restaurant_df
    df['date_dt_all'] = pd.to_datetime(df['date'], utc=True)
                        ~~~~~~~~~~~~~~^^^^^^^^^^^^^^^^^^^^^^
  File "/Users/mery/GitHub/UnthAI/Solution/backend/venv/lib/python3.14/site-packages/pandas/core/tools/datetimes.py", line 1040, in to_datetime
    values = convert_listlike(arg._values, format)
  File "/Users/mery/GitHub/UnthAI/Solution/backend/venv/lib/python3.14/site-packages/pandas/core/tools/datetimes.py", line 435, in _convert_listlike_datetimes
    return _array_strptime_with_fallback(arg, name, utc, format, exact, errors)
  File "/Users/mery/GitHub/UnthAI/Solution/backend/venv/lib/python3.14/site-packages/pandas/core/tools/datetimes.py", line 470, in _array_strptime_with_fallback
    result, tz_out = array_strptime(arg, fmt, exact=exact, errors=errors, utc=utc)
                     ~~~~~~~~~~~~~~^^^^^^^^^^^^^^^^^^^^^^^^^^^^^^^^^^^^^^^^^^^^^^^
  File "pandas/_libs/tslibs/strptime.pyx", line 563, in pandas._libs.tslibs.strptime.array_strptime
  File "pandas/_libs/tslibs/strptime.pyx", line 511, in pandas._libs.tslibs.strptime.array_strptime
  File "pandas/_libs/tslibs/strptime.pyx", line 621, in pandas._libs.tslibs.strptime._parse_with_format
ValueError: unconverted data remains when parsing with format "%Y-%m-%dT%H:%M:%S.%f": "Z". You might want to try:
    - passing `format` if your strings have a consistent format;
    - passing `format='ISO8601'` if your strings are all ISO8601 but not necessarily in exactly the same format;
    - passing `format='mixed'`, and the format will be inferred for each element individually. You might want to use `dayfirst` alongside this.
INFO:     127.0.0.1:59479 - "GET /api/dashboard/summary?start_date=&end_date= HTTP/1.1" 500 Internal Server Error
ERROR:    Exception in ASGI application
Traceback (most recent call last):
  File "/Users/mery/GitHub/UnthAI/Solution/backend/venv/lib/python3.14/site-packages/uvicorn/protocols/http/h11_impl.py", line 410, in run_asgi
    result = await app(  # type: ignore[func-returns-value]
             ^^^^^^^^^^^^^^^^^^^^^^^^^^^^^^^^^^^^^^^^^^^^^^
        self.scope, self.receive, self.send
        ^^^^^^^^^^^^^^^^^^^^^^^^^^^^^^^^^^^
    )
    ^
  File "/Users/mery/GitHub/UnthAI/Solution/backend/venv/lib/python3.14/site-packages/uvicorn/middleware/proxy_headers.py", line 60, in __call__
    return await self.app(scope, receive, send)
           ^^^^^^^^^^^^^^^^^^^^^^^^^^^^^^^^^^^^
  File "/Users/mery/GitHub/UnthAI/Solution/backend/venv/lib/python3.14/site-packages/fastapi/applications.py", line 1135, in __call__
    await super().__call__(scope, receive, send)
  File "/Users/mery/GitHub/UnthAI/Solution/backend/venv/lib/python3.14/site-packages/starlette/applications.py", line 107, in __call__
    await self.middleware_stack(scope, receive, send)
  File "/Users/mery/GitHub/UnthAI/Solution/backend/venv/lib/python3.14/site-packages/starlette/middleware/errors.py", line 186, in __call__
    raise exc
  File "/Users/mery/GitHub/UnthAI/Solution/backend/venv/lib/python3.14/site-packages/starlette/middleware/errors.py", line 164, in __call__
    await self.app(scope, receive, _send)
  File "/Users/mery/GitHub/UnthAI/Solution/backend/venv/lib/python3.14/site-packages/starlette/middleware/cors.py", line 93, in __call__
    await self.simple_response(scope, receive, send, request_headers=headers)
  File "/Users/mery/GitHub/UnthAI/Solution/backend/venv/lib/python3.14/site-packages/starlette/middleware/cors.py", line 144, in simple_response
    await self.app(scope, receive, send)
  File "/Users/mery/GitHub/UnthAI/Solution/backend/venv/lib/python3.14/site-packages/starlette/middleware/exceptions.py", line 63, in __call__
    await wrap_app_handling_exceptions(self.app, conn)(scope, receive, send)
  File "/Users/mery/GitHub/UnthAI/Solution/backend/venv/lib/python3.14/site-packages/starlette/_exception_handler.py", line 53, in wrapped_app
    raise exc
  File "/Users/mery/GitHub/UnthAI/Solution/backend/venv/lib/python3.14/site-packages/starlette/_exception_handler.py", line 42, in wrapped_app
    await app(scope, receive, sender)
  File "/Users/mery/GitHub/UnthAI/Solution/backend/venv/lib/python3.14/site-packages/fastapi/middleware/asyncexitstack.py", line 18, in __call__
    await self.app(scope, receive, send)
  File "/Users/mery/GitHub/UnthAI/Solution/backend/venv/lib/python3.14/site-packages/starlette/routing.py", line 716, in __call__
    await self.middleware_stack(scope, receive, send)
  File "/Users/mery/GitHub/UnthAI/Solution/backend/venv/lib/python3.14/site-packages/starlette/routing.py", line 736, in app
    await route.handle(scope, receive, send)
  File "/Users/mery/GitHub/UnthAI/Solution/backend/venv/lib/python3.14/site-packages/starlette/routing.py", line 290, in handle
    await self.app(scope, receive, send)
  File "/Users/mery/GitHub/UnthAI/Solution/backend/venv/lib/python3.14/site-packages/fastapi/routing.py", line 115, in app
    await wrap_app_handling_exceptions(app, request)(scope, receive, send)
  File "/Users/mery/GitHub/UnthAI/Solution/backend/venv/lib/python3.14/site-packages/starlette/_exception_handler.py", line 53, in wrapped_app
    raise exc
  File "/Users/mery/GitHub/UnthAI/Solution/backend/venv/lib/python3.14/site-packages/starlette/_exception_handler.py", line 42, in wrapped_app
    await app(scope, receive, sender)
  File "/Users/mery/GitHub/UnthAI/Solution/backend/venv/lib/python3.14/site-packages/fastapi/routing.py", line 101, in app
    response = await f(request)
               ^^^^^^^^^^^^^^^^
  File "/Users/mery/GitHub/UnthAI/Solution/backend/venv/lib/python3.14/site-packages/fastapi/routing.py", line 355, in app
    raw_response = await run_endpoint_function(
                   ^^^^^^^^^^^^^^^^^^^^^^^^^^^^
    ...<3 lines>...
    )
    ^
  File "/Users/mery/GitHub/UnthAI/Solution/backend/venv/lib/python3.14/site-packages/fastapi/routing.py", line 243, in run_endpoint_function
    return await dependant.call(**values)
           ^^^^^^^^^^^^^^^^^^^^^^^^^^^^^^
  File "/Users/mery/GitHub/UnthAI/Solution/backend/app/main.py", line 148, in get_dashboard_summary
    df_user = get_restaurant_df(current_user["restaurant_name"])
  File "/Users/mery/GitHub/UnthAI/Solution/backend/app/main.py", line 66, in get_restaurant_df
    df['date_dt_all'] = pd.to_datetime(df['date'], utc=True)
                        ~~~~~~~~~~~~~~^^^^^^^^^^^^^^^^^^^^^^
  File "/Users/mery/GitHub/UnthAI/Solution/backend/venv/lib/python3.14/site-packages/pandas/core/tools/datetimes.py", line 1040, in to_datetime
    values = convert_listlike(arg._values, format)
  File "/Users/mery/GitHub/UnthAI/Solution/backend/venv/lib/python3.14/site-packages/pandas/core/tools/datetimes.py", line 435, in _convert_listlike_datetimes
    return _array_strptime_with_fallback(arg, name, utc, format, exact, errors)
  File "/Users/mery/GitHub/UnthAI/Solution/backend/venv/lib/python3.14/site-packages/pandas/core/tools/datetimes.py", line 470, in _array_strptime_with_fallback
    result, tz_out = array_strptime(arg, fmt, exact=exact, errors=errors, utc=utc)
                     ~~~~~~~~~~~~~~^^^^^^^^^^^^^^^^^^^^^^^^^^^^^^^^^^^^^^^^^^^^^^^
  File "pandas/_libs/tslibs/strptime.pyx", line 563, in pandas._libs.tslibs.strptime.array_strptime
  File "pandas/_libs/tslibs/strptime.pyx", line 511, in pandas._libs.tslibs.strptime.array_strptime
  File "pandas/_libs/tslibs/strptime.pyx", line 621, in pandas._libs.tslibs.strptime._parse_with_format
ValueError: unconverted data remains when parsing with format "%Y-%m-%dT%H:%M:%S.%f": "Z". You might want to try:
    - passing `format` if your strings have a consistent format;
    - passing `format='ISO8601'` if your strings are all ISO8601 but not necessarily in exactly the same format;
    - passing `format='mixed'`, and the format will be inferred for each element individually. You might want to use `dayfirst` alongside this.
INFO:     127.0.0.1:59483 - "GET /api/posts HTTP/1.1" 500 Internal Server Error
ERROR:    Exception in ASGI application
Traceback (most recent call last):
  File "/Users/mery/GitHub/UnthAI/Solution/backend/venv/lib/python3.14/site-packages/uvicorn/protocols/http/h11_impl.py", line 410, in run_asgi
    result = await app(  # type: ignore[func-returns-value]
             ^^^^^^^^^^^^^^^^^^^^^^^^^^^^^^^^^^^^^^^^^^^^^^
        self.scope, self.receive, self.send
        ^^^^^^^^^^^^^^^^^^^^^^^^^^^^^^^^^^^
    )
    ^
  File "/Users/mery/GitHub/UnthAI/Solution/backend/venv/lib/python3.14/site-packages/uvicorn/middleware/proxy_headers.py", line 60, in __call__
    return await self.app(scope, receive, send)
           ^^^^^^^^^^^^^^^^^^^^^^^^^^^^^^^^^^^^
  File "/Users/mery/GitHub/UnthAI/Solution/backend/venv/lib/python3.14/site-packages/fastapi/applications.py", line 1135, in __call__
    await super().__call__(scope, receive, send)
  File "/Users/mery/GitHub/UnthAI/Solution/backend/venv/lib/python3.14/site-packages/starlette/applications.py", line 107, in __call__
    await self.middleware_stack(scope, receive, send)
  File "/Users/mery/GitHub/UnthAI/Solution/backend/venv/lib/python3.14/site-packages/starlette/middleware/errors.py", line 186, in __call__
    raise exc
  File "/Users/mery/GitHub/UnthAI/Solution/backend/venv/lib/python3.14/site-packages/starlette/middleware/errors.py", line 164, in __call__
    await self.app(scope, receive, _send)
  File "/Users/mery/GitHub/UnthAI/Solution/backend/venv/lib/python3.14/site-packages/starlette/middleware/cors.py", line 93, in __call__
    await self.simple_response(scope, receive, send, request_headers=headers)
  File "/Users/mery/GitHub/UnthAI/Solution/backend/venv/lib/python3.14/site-packages/starlette/middleware/cors.py", line 144, in simple_response
    await self.app(scope, receive, send)
  File "/Users/mery/GitHub/UnthAI/Solution/backend/venv/lib/python3.14/site-packages/starlette/middleware/exceptions.py", line 63, in __call__
    await wrap_app_handling_exceptions(self.app, conn)(scope, receive, send)
  File "/Users/mery/GitHub/UnthAI/Solution/backend/venv/lib/python3.14/site-packages/starlette/_exception_handler.py", line 53, in wrapped_app
    raise exc
  File "/Users/mery/GitHub/UnthAI/Solution/backend/venv/lib/python3.14/site-packages/starlette/_exception_handler.py", line 42, in wrapped_app
    await app(scope, receive, sender)
  File "/Users/mery/GitHub/UnthAI/Solution/backend/venv/lib/python3.14/site-packages/fastapi/middleware/asyncexitstack.py", line 18, in __call__
    await self.app(scope, receive, send)
  File "/Users/mery/GitHub/UnthAI/Solution/backend/venv/lib/python3.14/site-packages/starlette/routing.py", line 716, in __call__
    await self.middleware_stack(scope, receive, send)
  File "/Users/mery/GitHub/UnthAI/Solution/backend/venv/lib/python3.14/site-packages/starlette/routing.py", line 736, in app
    await route.handle(scope, receive, send)
  File "/Users/mery/GitHub/UnthAI/Solution/backend/venv/lib/python3.14/site-packages/starlette/routing.py", line 290, in handle
    await self.app(scope, receive, send)
  File "/Users/mery/GitHub/UnthAI/Solution/backend/venv/lib/python3.14/site-packages/fastapi/routing.py", line 115, in app
    await wrap_app_handling_exceptions(app, request)(scope, receive, send)
  File "/Users/mery/GitHub/UnthAI/Solution/backend/venv/lib/python3.14/site-packages/starlette/_exception_handler.py", line 53, in wrapped_app
    raise exc
  File "/Users/mery/GitHub/UnthAI/Solution/backend/venv/lib/python3.14/site-packages/starlette/_exception_handler.py", line 42, in wrapped_app
    await app(scope, receive, sender)
  File "/Users/mery/GitHub/UnthAI/Solution/backend/venv/lib/python3.14/site-packages/fastapi/routing.py", line 101, in app
    response = await f(request)
               ^^^^^^^^^^^^^^^^
  File "/Users/mery/GitHub/UnthAI/Solution/backend/venv/lib/python3.14/site-packages/fastapi/routing.py", line 355, in app
    raw_response = await run_endpoint_function(
                   ^^^^^^^^^^^^^^^^^^^^^^^^^^^^
    ...<3 lines>...
    )
    ^
  File "/Users/mery/GitHub/UnthAI/Solution/backend/venv/lib/python3.14/site-packages/fastapi/routing.py", line 243, in run_endpoint_function
    return await dependant.call(**values)
           ^^^^^^^^^^^^^^^^^^^^^^^^^^^^^^
  File "/Users/mery/GitHub/UnthAI/Solution/backend/app/main.py", line 281, in get_posts
    df_user = get_restaurant_df(current_user["restaurant_name"])
  File "/Users/mery/GitHub/UnthAI/Solution/backend/app/main.py", line 66, in get_restaurant_df
    df['date_dt_all'] = pd.to_datetime(df['date'], utc=True)
                        ~~~~~~~~~~~~~~^^^^^^^^^^^^^^^^^^^^^^
  File "/Users/mery/GitHub/UnthAI/Solution/backend/venv/lib/python3.14/site-packages/pandas/core/tools/datetimes.py", line 1040, in to_datetime
    values = convert_listlike(arg._values, format)
  File "/Users/mery/GitHub/UnthAI/Solution/backend/venv/lib/python3.14/site-packages/pandas/core/tools/datetimes.py", line 435, in _convert_listlike_datetimes
    return _array_strptime_with_fallback(arg, name, utc, format, exact, errors)
  File "/Users/mery/GitHub/UnthAI/Solution/backend/venv/lib/python3.14/site-packages/pandas/core/tools/datetimes.py", line 470, in _array_strptime_with_fallback
    result, tz_out = array_strptime(arg, fmt, exact=exact, errors=errors, utc=utc)
                     ~~~~~~~~~~~~~~^^^^^^^^^^^^^^^^^^^^^^^^^^^^^^^^^^^^^^^^^^^^^^^
  File "pandas/_libs/tslibs/strptime.pyx", line 563, in pandas._libs.tslibs.strptime.array_strptime
  File "pandas/_libs/tslibs/strptime.pyx", line 511, in pandas._libs.tslibs.strptime.array_strptime
  File "pandas/_libs/tslibs/strptime.pyx", line 621, in pandas._libs.tslibs.strptime._parse_with_format
ValueError: unconverted data remains when parsing with format "%Y-%m-%dT%H:%M:%S.%f": "Z". You might want to try:
    - passing `format` if your strings have a consistent format;
    - passing `format='ISO8601'` if your strings are all ISO8601 but not necessarily in exactly the same format;
    - passing `format='mixed'`, and the format will be inferred for each element individually. You might want to use `dayfirst` alongside this.
INFO:     127.0.0.1:59486 - "GET /api/posts HTTP/1.1" 500 Internal Server Error
ERROR:    Exception in ASGI application
Traceback (most recent call last):
  File "/Users/mery/GitHub/UnthAI/Solution/backend/venv/lib/python3.14/site-packages/uvicorn/protocols/http/h11_impl.py", line 410, in run_asgi
    result = await app(  # type: ignore[func-returns-value]
             ^^^^^^^^^^^^^^^^^^^^^^^^^^^^^^^^^^^^^^^^^^^^^^
        self.scope, self.receive, self.send
        ^^^^^^^^^^^^^^^^^^^^^^^^^^^^^^^^^^^
    )
    ^
  File "/Users/mery/GitHub/UnthAI/Solution/backend/venv/lib/python3.14/site-packages/uvicorn/middleware/proxy_headers.py", line 60, in __call__
    return await self.app(scope, receive, send)
           ^^^^^^^^^^^^^^^^^^^^^^^^^^^^^^^^^^^^
  File "/Users/mery/GitHub/UnthAI/Solution/backend/venv/lib/python3.14/site-packages/fastapi/applications.py", line 1135, in __call__
    await super().__call__(scope, receive, send)
  File "/Users/mery/GitHub/UnthAI/Solution/backend/venv/lib/python3.14/site-packages/starlette/applications.py", line 107, in __call__
    await self.middleware_stack(scope, receive, send)
  File "/Users/mery/GitHub/UnthAI/Solution/backend/venv/lib/python3.14/site-packages/starlette/middleware/errors.py", line 186, in __call__
    raise exc
  File "/Users/mery/GitHub/UnthAI/Solution/backend/venv/lib/python3.14/site-packages/starlette/middleware/errors.py", line 164, in __call__
    await self.app(scope, receive, _send)
  File "/Users/mery/GitHub/UnthAI/Solution/backend/venv/lib/python3.14/site-packages/starlette/middleware/cors.py", line 93, in __call__
    await self.simple_response(scope, receive, send, request_headers=headers)
  File "/Users/mery/GitHub/UnthAI/Solution/backend/venv/lib/python3.14/site-packages/starlette/middleware/cors.py", line 144, in simple_response
    await self.app(scope, receive, send)
  File "/Users/mery/GitHub/UnthAI/Solution/backend/venv/lib/python3.14/site-packages/starlette/middleware/exceptions.py", line 63, in __call__
    await wrap_app_handling_exceptions(self.app, conn)(scope, receive, send)
  File "/Users/mery/GitHub/UnthAI/Solution/backend/venv/lib/python3.14/site-packages/starlette/_exception_handler.py", line 53, in wrapped_app
    raise exc
  File "/Users/mery/GitHub/UnthAI/Solution/backend/venv/lib/python3.14/site-packages/starlette/_exception_handler.py", line 42, in wrapped_app
    await app(scope, receive, sender)
  File "/Users/mery/GitHub/UnthAI/Solution/backend/venv/lib/python3.14/site-packages/fastapi/middleware/asyncexitstack.py", line 18, in __call__
    await self.app(scope, receive, send)
  File "/Users/mery/GitHub/UnthAI/Solution/backend/venv/lib/python3.14/site-packages/starlette/routing.py", line 716, in __call__
    await self.middleware_stack(scope, receive, send)
  File "/Users/mery/GitHub/UnthAI/Solution/backend/venv/lib/python3.14/site-packages/starlette/routing.py", line 736, in app
    await route.handle(scope, receive, send)
  File "/Users/mery/GitHub/UnthAI/Solution/backend/venv/lib/python3.14/site-packages/starlette/routing.py", line 290, in handle
    await self.app(scope, receive, send)
  File "/Users/mery/GitHub/UnthAI/Solution/backend/venv/lib/python3.14/site-packages/fastapi/routing.py", line 115, in app
    await wrap_app_handling_exceptions(app, request)(scope, receive, send)
  File "/Users/mery/GitHub/UnthAI/Solution/backend/venv/lib/python3.14/site-packages/starlette/_exception_handler.py", line 53, in wrapped_app
    raise exc
  File "/Users/mery/GitHub/UnthAI/Solution/backend/venv/lib/python3.14/site-packages/starlette/_exception_handler.py", line 42, in wrapped_app
    await app(scope, receive, sender)
  File "/Users/mery/GitHub/UnthAI/Solution/backend/venv/lib/python3.14/site-packages/fastapi/routing.py", line 101, in app
    response = await f(request)
               ^^^^^^^^^^^^^^^^
  File "/Users/mery/GitHub/UnthAI/Solution/backend/venv/lib/python3.14/site-packages/fastapi/routing.py", line 355, in app
    raw_response = await run_endpoint_function(
                   ^^^^^^^^^^^^^^^^^^^^^^^^^^^^
    ...<3 lines>...
    )
    ^
  File "/Users/mery/GitHub/UnthAI/Solution/backend/venv/lib/python3.14/site-packages/fastapi/routing.py", line 243, in run_endpoint_function
    return await dependant.call(**values)
           ^^^^^^^^^^^^^^^^^^^^^^^^^^^^^^
  File "/Users/mery/GitHub/UnthAI/Solution/backend/app/main.py", line 281, in get_posts
    df_user = get_restaurant_df(current_user["restaurant_name"])
  File "/Users/mery/GitHub/UnthAI/Solution/backend/app/main.py", line 66, in get_restaurant_df
    df['date_dt_all'] = pd.to_datetime(df['date'], utc=True)
                        ~~~~~~~~~~~~~~^^^^^^^^^^^^^^^^^^^^^^
  File "/Users/mery/GitHub/UnthAI/Solution/backend/venv/lib/python3.14/site-packages/pandas/core/tools/datetimes.py", line 1040, in to_datetime
    values = convert_listlike(arg._values, format)
  File "/Users/mery/GitHub/UnthAI/Solution/backend/venv/lib/python3.14/site-packages/pandas/core/tools/datetimes.py", line 435, in _convert_listlike_datetimes
    return _array_strptime_with_fallback(arg, name, utc, format, exact, errors)
  File "/Users/mery/GitHub/UnthAI/Solution/backend/venv/lib/python3.14/site-packages/pandas/core/tools/datetimes.py", line 470, in _array_strptime_with_fallback
    result, tz_out = array_strptime(arg, fmt, exact=exact, errors=errors, utc=utc)
                     ~~~~~~~~~~~~~~^^^^^^^^^^^^^^^^^^^^^^^^^^^^^^^^^^^^^^^^^^^^^^^
  File "pandas/_libs/tslibs/strptime.pyx", line 563, in pandas._libs.tslibs.strptime.array_strptime
  File "pandas/_libs/tslibs/strptime.pyx", line 511, in pandas._libs.tslibs.strptime.array_strptime
  File "pandas/_libs/tslibs/strptime.pyx", line 621, in pandas._libs.tslibs.strptime._parse_with_format
ValueError: unconverted data remains when parsing with format "%Y-%m-%dT%H:%M:%S.%f": "Z". You might want to try:
    - passing `format` if your strings have a consistent format;
    - passing `format='ISO8601'` if your strings are all ISO8601 but not necessarily in exactly the same format;
    - passing `format='mixed'`, and the format will be inferred for each element individually. You might want to use `dayfirst` alongside this.
INFO:     127.0.0.1:59488 - "GET /api/posts HTTP/1.1" 500 Internal Server Error
ERROR:    Exception in ASGI application
Traceback (most recent call last):
  File "/Users/mery/GitHub/UnthAI/Solution/backend/venv/lib/python3.14/site-packages/uvicorn/protocols/http/h11_impl.py", line 410, in run_asgi
    result = await app(  # type: ignore[func-returns-value]
             ^^^^^^^^^^^^^^^^^^^^^^^^^^^^^^^^^^^^^^^^^^^^^^
        self.scope, self.receive, self.send
        ^^^^^^^^^^^^^^^^^^^^^^^^^^^^^^^^^^^
    )
    ^
  File "/Users/mery/GitHub/UnthAI/Solution/backend/venv/lib/python3.14/site-packages/uvicorn/middleware/proxy_headers.py", line 60, in __call__
    return await self.app(scope, receive, send)
           ^^^^^^^^^^^^^^^^^^^^^^^^^^^^^^^^^^^^
  File "/Users/mery/GitHub/UnthAI/Solution/backend/venv/lib/python3.14/site-packages/fastapi/applications.py", line 1135, in __call__
    await super().__call__(scope, receive, send)
  File "/Users/mery/GitHub/UnthAI/Solution/backend/venv/lib/python3.14/site-packages/starlette/applications.py", line 107, in __call__
    await self.middleware_stack(scope, receive, send)
  File "/Users/mery/GitHub/UnthAI/Solution/backend/venv/lib/python3.14/site-packages/starlette/middleware/errors.py", line 186, in __call__
    raise exc
  File "/Users/mery/GitHub/UnthAI/Solution/backend/venv/lib/python3.14/site-packages/starlette/middleware/errors.py", line 164, in __call__
    await self.app(scope, receive, _send)
  File "/Users/mery/GitHub/UnthAI/Solution/backend/venv/lib/python3.14/site-packages/starlette/middleware/cors.py", line 93, in __call__
    await self.simple_response(scope, receive, send, request_headers=headers)
  File "/Users/mery/GitHub/UnthAI/Solution/backend/venv/lib/python3.14/site-packages/starlette/middleware/cors.py", line 144, in simple_response
    await self.app(scope, receive, send)
  File "/Users/mery/GitHub/UnthAI/Solution/backend/venv/lib/python3.14/site-packages/starlette/middleware/exceptions.py", line 63, in __call__
    await wrap_app_handling_exceptions(self.app, conn)(scope, receive, send)
  File "/Users/mery/GitHub/UnthAI/Solution/backend/venv/lib/python3.14/site-packages/starlette/_exception_handler.py", line 53, in wrapped_app
    raise exc
  File "/Users/mery/GitHub/UnthAI/Solution/backend/venv/lib/python3.14/site-packages/starlette/_exception_handler.py", line 42, in wrapped_app
    await app(scope, receive, sender)
  File "/Users/mery/GitHub/UnthAI/Solution/backend/venv/lib/python3.14/site-packages/fastapi/middleware/asyncexitstack.py", line 18, in __call__
    await self.app(scope, receive, send)
  File "/Users/mery/GitHub/UnthAI/Solution/backend/venv/lib/python3.14/site-packages/starlette/routing.py", line 716, in __call__
    await self.middleware_stack(scope, receive, send)
  File "/Users/mery/GitHub/UnthAI/Solution/backend/venv/lib/python3.14/site-packages/starlette/routing.py", line 736, in app
    await route.handle(scope, receive, send)
  File "/Users/mery/GitHub/UnthAI/Solution/backend/venv/lib/python3.14/site-packages/starlette/routing.py", line 290, in handle
    await self.app(scope, receive, send)
  File "/Users/mery/GitHub/UnthAI/Solution/backend/venv/lib/python3.14/site-packages/fastapi/routing.py", line 115, in app
    await wrap_app_handling_exceptions(app, request)(scope, receive, send)
  File "/Users/mery/GitHub/UnthAI/Solution/backend/venv/lib/python3.14/site-packages/starlette/_exception_handler.py", line 53, in wrapped_app
    raise exc
  File "/Users/mery/GitHub/UnthAI/Solution/backend/venv/lib/python3.14/site-packages/starlette/_exception_handler.py", line 42, in wrapped_app
    await app(scope, receive, sender)
  File "/Users/mery/GitHub/UnthAI/Solution/backend/venv/lib/python3.14/site-packages/fastapi/routing.py", line 101, in app
    response = await f(request)
               ^^^^^^^^^^^^^^^^
  File "/Users/mery/GitHub/UnthAI/Solution/backend/venv/lib/python3.14/site-packages/fastapi/routing.py", line 355, in app
    raw_response = await run_endpoint_function(
                   ^^^^^^^^^^^^^^^^^^^^^^^^^^^^
    ...<3 lines>...
    )
    ^
  File "/Users/mery/GitHub/UnthAI/Solution/backend/venv/lib/python3.14/site-packages/fastapi/routing.py", line 243, in run_endpoint_function
    return await dependant.call(**values)
           ^^^^^^^^^^^^^^^^^^^^^^^^^^^^^^
  File "/Users/mery/GitHub/UnthAI/Solution/backend/app/main.py", line 281, in get_posts
    df_user = get_restaurant_df(current_user["restaurant_name"])
  File "/Users/mery/GitHub/UnthAI/Solution/backend/app/main.py", line 66, in get_restaurant_df
    df['date_dt_all'] = pd.to_datetime(df['date'], utc=True)
                        ~~~~~~~~~~~~~~^^^^^^^^^^^^^^^^^^^^^^
  File "/Users/mery/GitHub/UnthAI/Solution/backend/venv/lib/python3.14/site-packages/pandas/core/tools/datetimes.py", line 1040, in to_datetime
    values = convert_listlike(arg._values, format)
  File "/Users/mery/GitHub/UnthAI/Solution/backend/venv/lib/python3.14/site-packages/pandas/core/tools/datetimes.py", line 435, in _convert_listlike_datetimes
    return _array_strptime_with_fallback(arg, name, utc, format, exact, errors)
  File "/Users/mery/GitHub/UnthAI/Solution/backend/venv/lib/python3.14/site-packages/pandas/core/tools/datetimes.py", line 470, in _array_strptime_with_fallback
    result, tz_out = array_strptime(arg, fmt, exact=exact, errors=errors, utc=utc)
                     ~~~~~~~~~~~~~~^^^^^^^^^^^^^^^^^^^^^^^^^^^^^^^^^^^^^^^^^^^^^^^
  File "pandas/_libs/tslibs/strptime.pyx", line 563, in pandas._libs.tslibs.strptime.array_strptime
  File "pandas/_libs/tslibs/strptime.pyx", line 511, in pandas._libs.tslibs.strptime.array_strptime
  File "pandas/_libs/tslibs/strptime.pyx", line 621, in pandas._libs.tslibs.strptime._parse_with_format
ValueError: unconverted data remains when parsing with format "%Y-%m-%dT%H:%M:%S.%f": "Z". You might want to try:
    - passing `format` if your strings have a consistent format;
    - passing `format='ISO8601'` if your strings are all ISO8601 but not necessarily in exactly the same format;
    - passing `format='mixed'`, and the format will be inferred for each element individually. You might want to use `dayfirst` alongside this.
INFO:     127.0.0.1:59490 - "GET /api/dashboard/summary?start_date=&end_date= HTTP/1.1" 500 Internal Server Error
ERROR:    Exception in ASGI application
Traceback (most recent call last):
  File "/Users/mery/GitHub/UnthAI/Solution/backend/venv/lib/python3.14/site-packages/uvicorn/protocols/http/h11_impl.py", line 410, in run_asgi
    result = await app(  # type: ignore[func-returns-value]
             ^^^^^^^^^^^^^^^^^^^^^^^^^^^^^^^^^^^^^^^^^^^^^^
        self.scope, self.receive, self.send
        ^^^^^^^^^^^^^^^^^^^^^^^^^^^^^^^^^^^
    )
    ^
  File "/Users/mery/GitHub/UnthAI/Solution/backend/venv/lib/python3.14/site-packages/uvicorn/middleware/proxy_headers.py", line 60, in __call__
    return await self.app(scope, receive, send)
           ^^^^^^^^^^^^^^^^^^^^^^^^^^^^^^^^^^^^
  File "/Users/mery/GitHub/UnthAI/Solution/backend/venv/lib/python3.14/site-packages/fastapi/applications.py", line 1135, in __call__
    await super().__call__(scope, receive, send)
  File "/Users/mery/GitHub/UnthAI/Solution/backend/venv/lib/python3.14/site-packages/starlette/applications.py", line 107, in __call__
    await self.middleware_stack(scope, receive, send)
  File "/Users/mery/GitHub/UnthAI/Solution/backend/venv/lib/python3.14/site-packages/starlette/middleware/errors.py", line 186, in __call__
    raise exc
  File "/Users/mery/GitHub/UnthAI/Solution/backend/venv/lib/python3.14/site-packages/starlette/middleware/errors.py", line 164, in __call__
    await self.app(scope, receive, _send)
  File "/Users/mery/GitHub/UnthAI/Solution/backend/venv/lib/python3.14/site-packages/starlette/middleware/cors.py", line 93, in __call__
    await self.simple_response(scope, receive, send, request_headers=headers)
  File "/Users/mery/GitHub/UnthAI/Solution/backend/venv/lib/python3.14/site-packages/starlette/middleware/cors.py", line 144, in simple_response
    await self.app(scope, receive, send)
  File "/Users/mery/GitHub/UnthAI/Solution/backend/venv/lib/python3.14/site-packages/starlette/middleware/exceptions.py", line 63, in __call__
    await wrap_app_handling_exceptions(self.app, conn)(scope, receive, send)
  File "/Users/mery/GitHub/UnthAI/Solution/backend/venv/lib/python3.14/site-packages/starlette/_exception_handler.py", line 53, in wrapped_app
    raise exc
  File "/Users/mery/GitHub/UnthAI/Solution/backend/venv/lib/python3.14/site-packages/starlette/_exception_handler.py", line 42, in wrapped_app
    await app(scope, receive, sender)
  File "/Users/mery/GitHub/UnthAI/Solution/backend/venv/lib/python3.14/site-packages/fastapi/middleware/asyncexitstack.py", line 18, in __call__
    await self.app(scope, receive, send)
  File "/Users/mery/GitHub/UnthAI/Solution/backend/venv/lib/python3.14/site-packages/starlette/routing.py", line 716, in __call__
    await self.middleware_stack(scope, receive, send)
  File "/Users/mery/GitHub/UnthAI/Solution/backend/venv/lib/python3.14/site-packages/starlette/routing.py", line 736, in app
    await route.handle(scope, receive, send)
  File "/Users/mery/GitHub/UnthAI/Solution/backend/venv/lib/python3.14/site-packages/starlette/routing.py", line 290, in handle
    await self.app(scope, receive, send)
  File "/Users/mery/GitHub/UnthAI/Solution/backend/venv/lib/python3.14/site-packages/fastapi/routing.py", line 115, in app
    await wrap_app_handling_exceptions(app, request)(scope, receive, send)
  File "/Users/mery/GitHub/UnthAI/Solution/backend/venv/lib/python3.14/site-packages/starlette/_exception_handler.py", line 53, in wrapped_app
    raise exc
  File "/Users/mery/GitHub/UnthAI/Solution/backend/venv/lib/python3.14/site-packages/starlette/_exception_handler.py", line 42, in wrapped_app
    await app(scope, receive, sender)
  File "/Users/mery/GitHub/UnthAI/Solution/backend/venv/lib/python3.14/site-packages/fastapi/routing.py", line 101, in app
    response = await f(request)
               ^^^^^^^^^^^^^^^^
  File "/Users/mery/GitHub/UnthAI/Solution/backend/venv/lib/python3.14/site-packages/fastapi/routing.py", line 355, in app
    raw_response = await run_endpoint_function(
                   ^^^^^^^^^^^^^^^^^^^^^^^^^^^^
    ...<3 lines>...
    )
    ^
  File "/Users/mery/GitHub/UnthAI/Solution/backend/venv/lib/python3.14/site-packages/fastapi/routing.py", line 243, in run_endpoint_function
    return await dependant.call(**values)
           ^^^^^^^^^^^^^^^^^^^^^^^^^^^^^^
  File "/Users/mery/GitHub/UnthAI/Solution/backend/app/main.py", line 148, in get_dashboard_summary
    df_user = get_restaurant_df(current_user["restaurant_name"])
  File "/Users/mery/GitHub/UnthAI/Solution/backend/app/main.py", line 66, in get_restaurant_df
    df['date_dt_all'] = pd.to_datetime(df['date'], utc=True)
                        ~~~~~~~~~~~~~~^^^^^^^^^^^^^^^^^^^^^^
  File "/Users/mery/GitHub/UnthAI/Solution/backend/venv/lib/python3.14/site-packages/pandas/core/tools/datetimes.py", line 1040, in to_datetime
    values = convert_listlike(arg._values, format)
  File "/Users/mery/GitHub/UnthAI/Solution/backend/venv/lib/python3.14/site-packages/pandas/core/tools/datetimes.py", line 435, in _convert_listlike_datetimes
    return _array_strptime_with_fallback(arg, name, utc, format, exact, errors)
  File "/Users/mery/GitHub/UnthAI/Solution/backend/venv/lib/python3.14/site-packages/pandas/core/tools/datetimes.py", line 470, in _array_strptime_with_fallback
    result, tz_out = array_strptime(arg, fmt, exact=exact, errors=errors, utc=utc)
                     ~~~~~~~~~~~~~~^^^^^^^^^^^^^^^^^^^^^^^^^^^^^^^^^^^^^^^^^^^^^^^
  File "pandas/_libs/tslibs/strptime.pyx", line 563, in pandas._libs.tslibs.strptime.array_strptime
  File "pandas/_libs/tslibs/strptime.pyx", line 511, in pandas._libs.tslibs.strptime.array_strptime
  File "pandas/_libs/tslibs/strptime.pyx", line 621, in pandas._libs.tslibs.strptime._parse_with_format
ValueError: unconverted data remains when parsing with format "%Y-%m-%dT%H:%M:%S.%f": "Z". You might want to try:
    - passing `format` if your strings have a consistent format;
    - passing `format='ISO8601'` if your strings are all ISO8601 but not necessarily in exactly the same format;
    - passing `format='mixed'`, and the format will be inferred for each element individually. You might want to use `dayfirst` alongside this.
INFO:     127.0.0.1:59492 - "GET /api/dashboard/summary?start_date=&end_date= HTTP/1.1" 500 Internal Server Error
ERROR:    Exception in ASGI application
Traceback (most recent call last):
  File "/Users/mery/GitHub/UnthAI/Solution/backend/venv/lib/python3.14/site-packages/uvicorn/protocols/http/h11_impl.py", line 410, in run_asgi
    result = await app(  # type: ignore[func-returns-value]
             ^^^^^^^^^^^^^^^^^^^^^^^^^^^^^^^^^^^^^^^^^^^^^^
        self.scope, self.receive, self.send
        ^^^^^^^^^^^^^^^^^^^^^^^^^^^^^^^^^^^
    )
    ^
  File "/Users/mery/GitHub/UnthAI/Solution/backend/venv/lib/python3.14/site-packages/uvicorn/middleware/proxy_headers.py", line 60, in __call__
    return await self.app(scope, receive, send)
           ^^^^^^^^^^^^^^^^^^^^^^^^^^^^^^^^^^^^
  File "/Users/mery/GitHub/UnthAI/Solution/backend/venv/lib/python3.14/site-packages/fastapi/applications.py", line 1135, in __call__
    await super().__call__(scope, receive, send)
  File "/Users/mery/GitHub/UnthAI/Solution/backend/venv/lib/python3.14/site-packages/starlette/applications.py", line 107, in __call__
    await self.middleware_stack(scope, receive, send)
  File "/Users/mery/GitHub/UnthAI/Solution/backend/venv/lib/python3.14/site-packages/starlette/middleware/errors.py", line 186, in __call__
    raise exc
  File "/Users/mery/GitHub/UnthAI/Solution/backend/venv/lib/python3.14/site-packages/starlette/middleware/errors.py", line 164, in __call__
    await self.app(scope, receive, _send)
  File "/Users/mery/GitHub/UnthAI/Solution/backend/venv/lib/python3.14/site-packages/starlette/middleware/cors.py", line 93, in __call__
    await self.simple_response(scope, receive, send, request_headers=headers)
  File "/Users/mery/GitHub/UnthAI/Solution/backend/venv/lib/python3.14/site-packages/starlette/middleware/cors.py", line 144, in simple_response
    await self.app(scope, receive, send)
  File "/Users/mery/GitHub/UnthAI/Solution/backend/venv/lib/python3.14/site-packages/starlette/middleware/exceptions.py", line 63, in __call__
    await wrap_app_handling_exceptions(self.app, conn)(scope, receive, send)
  File "/Users/mery/GitHub/UnthAI/Solution/backend/venv/lib/python3.14/site-packages/starlette/_exception_handler.py", line 53, in wrapped_app
    raise exc
  File "/Users/mery/GitHub/UnthAI/Solution/backend/venv/lib/python3.14/site-packages/starlette/_exception_handler.py", line 42, in wrapped_app
    await app(scope, receive, sender)
  File "/Users/mery/GitHub/UnthAI/Solution/backend/venv/lib/python3.14/site-packages/fastapi/middleware/asyncexitstack.py", line 18, in __call__
    await self.app(scope, receive, send)
  File "/Users/mery/GitHub/UnthAI/Solution/backend/venv/lib/python3.14/site-packages/starlette/routing.py", line 716, in __call__
    await self.middleware_stack(scope, receive, send)
  File "/Users/mery/GitHub/UnthAI/Solution/backend/venv/lib/python3.14/site-packages/starlette/routing.py", line 736, in app
    await route.handle(scope, receive, send)
  File "/Users/mery/GitHub/UnthAI/Solution/backend/venv/lib/python3.14/site-packages/starlette/routing.py", line 290, in handle
    await self.app(scope, receive, send)
  File "/Users/mery/GitHub/UnthAI/Solution/backend/venv/lib/python3.14/site-packages/fastapi/routing.py", line 115, in app
    await wrap_app_handling_exceptions(app, request)(scope, receive, send)
  File "/Users/mery/GitHub/UnthAI/Solution/backend/venv/lib/python3.14/site-packages/starlette/_exception_handler.py", line 53, in wrapped_app
    raise exc
  File "/Users/mery/GitHub/UnthAI/Solution/backend/venv/lib/python3.14/site-packages/starlette/_exception_handler.py", line 42, in wrapped_app
    await app(scope, receive, sender)
  File "/Users/mery/GitHub/UnthAI/Solution/backend/venv/lib/python3.14/site-packages/fastapi/routing.py", line 101, in app
    response = await f(request)
               ^^^^^^^^^^^^^^^^
  File "/Users/mery/GitHub/UnthAI/Solution/backend/venv/lib/python3.14/site-packages/fastapi/routing.py", line 355, in app
    raw_response = await run_endpoint_function(
                   ^^^^^^^^^^^^^^^^^^^^^^^^^^^^
    ...<3 lines>...
    )
    ^
  File "/Users/mery/GitHub/UnthAI/Solution/backend/venv/lib/python3.14/site-packages/fastapi/routing.py", line 243, in run_endpoint_function
    return await dependant.call(**values)
           ^^^^^^^^^^^^^^^^^^^^^^^^^^^^^^
  File "/Users/mery/GitHub/UnthAI/Solution/backend/app/main.py", line 148, in get_dashboard_summary
    df_user = get_restaurant_df(current_user["restaurant_name"])
  File "/Users/mery/GitHub/UnthAI/Solution/backend/app/main.py", line 66, in get_restaurant_df
    df['date_dt_all'] = pd.to_datetime(df['date'], utc=True)
                        ~~~~~~~~~~~~~~^^^^^^^^^^^^^^^^^^^^^^
  File "/Users/mery/GitHub/UnthAI/Solution/backend/venv/lib/python3.14/site-packages/pandas/core/tools/datetimes.py", line 1040, in to_datetime
    values = convert_listlike(arg._values, format)
  File "/Users/mery/GitHub/UnthAI/Solution/backend/venv/lib/python3.14/site-packages/pandas/core/tools/datetimes.py", line 435, in _convert_listlike_datetimes
    return _array_strptime_with_fallback(arg, name, utc, format, exact, errors)
  File "/Users/mery/GitHub/UnthAI/Solution/backend/venv/lib/python3.14/site-packages/pandas/core/tools/datetimes.py", line 470, in _array_strptime_with_fallback
    result, tz_out = array_strptime(arg, fmt, exact=exact, errors=errors, utc=utc)
                     ~~~~~~~~~~~~~~^^^^^^^^^^^^^^^^^^^^^^^^^^^^^^^^^^^^^^^^^^^^^^^
  File "pandas/_libs/tslibs/strptime.pyx", line 563, in pandas._libs.tslibs.strptime.array_strptime
  File "pandas/_libs/tslibs/strptime.pyx", line 511, in pandas._libs.tslibs.strptime.array_strptime
  File "pandas/_libs/tslibs/strptime.pyx", line 621, in pandas._libs.tslibs.strptime._parse_with_format
ValueError: unconverted data remains when parsing with format "%Y-%m-%dT%H:%M:%S.%f": "Z". You might want to try:
    - passing `format` if your strings have a consistent format;
    - passing `format='ISO8601'` if your strings are all ISO8601 but not necessarily in exactly the same format;
    - passing `format='mixed'`, and the format will be inferred for each element individually. You might want to use `dayfirst` alongside this.
INFO:     127.0.0.1:59494 - "GET /api/dashboard/summary?start_date=&end_date= HTTP/1.1" 500 Internal Server Error
ERROR:    Exception in ASGI application
Traceback (most recent call last):
  File "/Users/mery/GitHub/UnthAI/Solution/backend/venv/lib/python3.14/site-packages/uvicorn/protocols/http/h11_impl.py", line 410, in run_asgi
    result = await app(  # type: ignore[func-returns-value]
             ^^^^^^^^^^^^^^^^^^^^^^^^^^^^^^^^^^^^^^^^^^^^^^
        self.scope, self.receive, self.send
        ^^^^^^^^^^^^^^^^^^^^^^^^^^^^^^^^^^^
    )
    ^
  File "/Users/mery/GitHub/UnthAI/Solution/backend/venv/lib/python3.14/site-packages/uvicorn/middleware/proxy_headers.py", line 60, in __call__
    return await self.app(scope, receive, send)
           ^^^^^^^^^^^^^^^^^^^^^^^^^^^^^^^^^^^^
  File "/Users/mery/GitHub/UnthAI/Solution/backend/venv/lib/python3.14/site-packages/fastapi/applications.py", line 1135, in __call__
    await super().__call__(scope, receive, send)
  File "/Users/mery/GitHub/UnthAI/Solution/backend/venv/lib/python3.14/site-packages/starlette/applications.py", line 107, in __call__
    await self.middleware_stack(scope, receive, send)
  File "/Users/mery/GitHub/UnthAI/Solution/backend/venv/lib/python3.14/site-packages/starlette/middleware/errors.py", line 186, in __call__
    raise exc
  File "/Users/mery/GitHub/UnthAI/Solution/backend/venv/lib/python3.14/site-packages/starlette/middleware/errors.py", line 164, in __call__
    await self.app(scope, receive, _send)
  File "/Users/mery/GitHub/UnthAI/Solution/backend/venv/lib/python3.14/site-packages/starlette/middleware/cors.py", line 93, in __call__
    await self.simple_response(scope, receive, send, request_headers=headers)
  File "/Users/mery/GitHub/UnthAI/Solution/backend/venv/lib/python3.14/site-packages/starlette/middleware/cors.py", line 144, in simple_response
    await self.app(scope, receive, send)
  File "/Users/mery/GitHub/UnthAI/Solution/backend/venv/lib/python3.14/site-packages/starlette/middleware/exceptions.py", line 63, in __call__
    await wrap_app_handling_exceptions(self.app, conn)(scope, receive, send)
  File "/Users/mery/GitHub/UnthAI/Solution/backend/venv/lib/python3.14/site-packages/starlette/_exception_handler.py", line 53, in wrapped_app
    raise exc
  File "/Users/mery/GitHub/UnthAI/Solution/backend/venv/lib/python3.14/site-packages/starlette/_exception_handler.py", line 42, in wrapped_app
    await app(scope, receive, sender)
  File "/Users/mery/GitHub/UnthAI/Solution/backend/venv/lib/python3.14/site-packages/fastapi/middleware/asyncexitstack.py", line 18, in __call__
    await self.app(scope, receive, send)
  File "/Users/mery/GitHub/UnthAI/Solution/backend/venv/lib/python3.14/site-packages/starlette/routing.py", line 716, in __call__
    await self.middleware_stack(scope, receive, send)
  File "/Users/mery/GitHub/UnthAI/Solution/backend/venv/lib/python3.14/site-packages/starlette/routing.py", line 736, in app
    await route.handle(scope, receive, send)
  File "/Users/mery/GitHub/UnthAI/Solution/backend/venv/lib/python3.14/site-packages/starlette/routing.py", line 290, in handle
    await self.app(scope, receive, send)
  File "/Users/mery/GitHub/UnthAI/Solution/backend/venv/lib/python3.14/site-packages/fastapi/routing.py", line 115, in app
    await wrap_app_handling_exceptions(app, request)(scope, receive, send)
  File "/Users/mery/GitHub/UnthAI/Solution/backend/venv/lib/python3.14/site-packages/starlette/_exception_handler.py", line 53, in wrapped_app
    raise exc
  File "/Users/mery/GitHub/UnthAI/Solution/backend/venv/lib/python3.14/site-packages/starlette/_exception_handler.py", line 42, in wrapped_app
    await app(scope, receive, sender)
  File "/Users/mery/GitHub/UnthAI/Solution/backend/venv/lib/python3.14/site-packages/fastapi/routing.py", line 101, in app
    response = await f(request)
               ^^^^^^^^^^^^^^^^
  File "/Users/mery/GitHub/UnthAI/Solution/backend/venv/lib/python3.14/site-packages/fastapi/routing.py", line 355, in app
    raw_response = await run_endpoint_function(
                   ^^^^^^^^^^^^^^^^^^^^^^^^^^^^
    ...<3 lines>...
    )
    ^
  File "/Users/mery/GitHub/UnthAI/Solution/backend/venv/lib/python3.14/site-packages/fastapi/routing.py", line 243, in run_endpoint_function
    return await dependant.call(**values)
           ^^^^^^^^^^^^^^^^^^^^^^^^^^^^^^
  File "/Users/mery/GitHub/UnthAI/Solution/backend/app/main.py", line 148, in get_dashboard_summary
    df_user = get_restaurant_df(current_user["restaurant_name"])
  File "/Users/mery/GitHub/UnthAI/Solution/backend/app/main.py", line 66, in get_restaurant_df
    df['date_dt_all'] = pd.to_datetime(df['date'], utc=True)
                        ~~~~~~~~~~~~~~^^^^^^^^^^^^^^^^^^^^^^
  File "/Users/mery/GitHub/UnthAI/Solution/backend/venv/lib/python3.14/site-packages/pandas/core/tools/datetimes.py", line 1040, in to_datetime
    values = convert_listlike(arg._values, format)
  File "/Users/mery/GitHub/UnthAI/Solution/backend/venv/lib/python3.14/site-packages/pandas/core/tools/datetimes.py", line 435, in _convert_listlike_datetimes
    return _array_strptime_with_fallback(arg, name, utc, format, exact, errors)
  File "/Users/mery/GitHub/UnthAI/Solution/backend/venv/lib/python3.14/site-packages/pandas/core/tools/datetimes.py", line 470, in _array_strptime_with_fallback
    result, tz_out = array_strptime(arg, fmt, exact=exact, errors=errors, utc=utc)
                     ~~~~~~~~~~~~~~^^^^^^^^^^^^^^^^^^^^^^^^^^^^^^^^^^^^^^^^^^^^^^^
  File "pandas/_libs/tslibs/strptime.pyx", line 563, in pandas._libs.tslibs.strptime.array_strptime
  File "pandas/_libs/tslibs/strptime.pyx", line 511, in pandas._libs.tslibs.strptime.array_strptime
  File "pandas/_libs/tslibs/strptime.pyx", line 621, in pandas._libs.tslibs.strptime._parse_with_format
ValueError: unconverted data remains when parsing with format "%Y-%m-%dT%H:%M:%S.%f": "Z". You might want to try:
    - passing `format` if your strings have a consistent format;
    - passing `format='ISO8601'` if your strings are all ISO8601 but not necessarily in exactly the same format;
    - passing `format='mixed'`, and the format will be inferred for each element individually. You might want to use `dayfirst` alongside this.
INFO:     127.0.0.1:59522 - "POST /token HTTP/1.1" 404 Not Found
WARNING:  StatReload detected changes in 'app/main.py'. Reloading...
INFO:     Shutting down
INFO:     Waiting for application shutdown.
INFO:     Application shutdown complete.
INFO:     Finished server process [19089]
INFO:     Started server process [19243]
INFO:     Waiting for application startup.
INFO:     Application startup complete.
INFO:     127.0.0.1:59560 - "POST /token HTTP/1.1" 200 OK
INFO:     127.0.0.1:59560 - "GET /api/user/me HTTP/1.1" 200 OK
INFO:     127.0.0.1:59560 - "GET /api/dashboard/summary?start_date=&end_date= HTTP/1.1" 200 OK
INFO:     127.0.0.1:59563 - "GET /api/user/me HTTP/1.1" 200 OK
INFO:     127.0.0.1:59564 - "GET /api/dashboard/summary?start_date=&end_date= HTTP/1.1" 200 OK
INFO:     127.0.0.1:59563 - "OPTIONS /api/dashboard/summary?start_date=2026-01-02&end_date=2026-01-02 HTTP/1.1" 200 OK
INFO:     127.0.0.1:59563 - "GET /api/dashboard/summary?start_date=2026-01-02&end_date=2026-01-02 HTTP/1.1" 200 OK
INFO:     127.0.0.1:59572 - "GET /api/posts HTTP/1.1" 200 OK
INFO:     127.0.0.1:59575 - "GET /api/posts HTTP/1.1" 200 OK
INFO:     127.0.0.1:59572 - "OPTIONS /api/posts/1008/comments HTTP/1.1" 200 OK
INFO:     127.0.0.1:59575 - "GET /api/posts/1008/comments HTTP/1.1" 200 OK
INFO:     127.0.0.1:59596 - "OPTIONS /api/posts/1032/comments HTTP/1.1" 200 OK
INFO:     127.0.0.1:59596 - "GET /api/posts/1032/comments HTTP/1.1" 200 OK
INFO:     127.0.0.1:59598 - "OPTIONS /api/posts/1068/comments HTTP/1.1" 200 OK
INFO:     127.0.0.1:59598 - "GET /api/posts/1068/comments HTTP/1.1" 200 OK
INFO:     127.0.0.1:59598 - "OPTIONS /api/posts/1080/comments HTTP/1.1" 200 OK
INFO:     127.0.0.1:59598 - "GET /api/posts/1080/comments HTTP/1.1" 200 OK
INFO:     127.0.0.1:59598 - "OPTIONS /api/posts/1116/comments HTTP/1.1" 200 OK
INFO:     127.0.0.1:59598 - "GET /api/posts/1116/comments HTTP/1.1" 200 OK
INFO:     127.0.0.1:59612 - "GET /api/posts/1080/comments HTTP/1.1" 200 OK
INFO:     127.0.0.1:59612 - "GET /api/posts/1068/comments HTTP/1.1" 200 OK
INFO:     127.0.0.1:59616 - "GET /api/posts/1008/comments HTTP/1.1" 200 OK
INFO:     127.0.0.1:59624 - "GET /api/posts/1032/comments HTTP/1.1" 200 OK
INFO:     127.0.0.1:59633 - "GET /api/posts/1068/comments HTTP/1.1" 200 OK
INFO:     127.0.0.1:59636 - "GET /api/posts/1080/comments HTTP/1.1" 200 OK
INFO:     127.0.0.1:59653 - "POST /token HTTP/1.1" 200 OK
INFO:     127.0.0.1:59653 - "OPTIONS /api/user/me HTTP/1.1" 200 OK
INFO:     127.0.0.1:59655 - "OPTIONS /api/posts HTTP/1.1" 200 OK
INFO:     127.0.0.1:59658 - "OPTIONS /api/user/me HTTP/1.1" 200 OK
INFO:     127.0.0.1:59659 - "OPTIONS /api/posts HTTP/1.1" 200 OK
INFO:     127.0.0.1:59653 - "GET /api/user/me HTTP/1.1" 200 OK
INFO:     127.0.0.1:59653 - "GET /api/posts HTTP/1.1" 200 OK
INFO:     127.0.0.1:59659 - "GET /api/user/me HTTP/1.1" 200 OK
INFO:     127.0.0.1:59658 - "GET /api/posts HTTP/1.1" 200 OK
INFO:     127.0.0.1:59653 - "GET /api/posts/1008/comments HTTP/1.1" 200 OK
INFO:     127.0.0.1:59666 - "GET /api/posts/1032/comments HTTP/1.1" 200 OK
INFO:     127.0.0.1:59668 - "GET /api/posts/1068/comments HTTP/1.1" 200 OK
INFO:     127.0.0.1:59668 - "GET /api/posts/1080/comments HTTP/1.1" 200 OK
INFO:     127.0.0.1:59668 - "GET /api/posts/1116/comments HTTP/1.1" 200 OK
INFO:     127.0.0.1:59668 - "OPTIONS /api/posts/1119/comments HTTP/1.1" 200 OK
INFO:     127.0.0.1:59668 - "GET /api/posts/1119/comments HTTP/1.1" 200 OK
INFO:     127.0.0.1:59668 - "OPTIONS /api/posts/1120/comments HTTP/1.1" 200 OK
INFO:     127.0.0.1:59668 - "GET /api/posts/1120/comments HTTP/1.1" 200 OK
INFO:     127.0.0.1:59668 - "OPTIONS /api/posts/1126/comments HTTP/1.1" 200 OK
INFO:     127.0.0.1:59668 - "GET /api/posts/1126/comments HTTP/1.1" 200 OK
INFO:     127.0.0.1:59670 - "OPTIONS /api/posts/1128/comments HTTP/1.1" 200 OK
INFO:     127.0.0.1:59670 - "GET /api/posts/1128/comments HTTP/1.1" 200 OK
INFO:     127.0.0.1:59670 - "OPTIONS /api/posts/1131/comments HTTP/1.1" 200 OK
INFO:     127.0.0.1:59670 - "GET /api/posts/1131/comments HTTP/1.1" 200 OK
INFO:     127.0.0.1:59670 - "OPTIONS /api/posts/1148/comments HTTP/1.1" 200 OK
INFO:     127.0.0.1:59670 - "GET /api/posts/1148/comments HTTP/1.1" 200 OK
INFO:     127.0.0.1:59670 - "OPTIONS /api/posts/1166/comments HTTP/1.1" 200 OK
INFO:     127.0.0.1:59670 - "GET /api/posts/1166/comments HTTP/1.1" 200 OK
INFO:     127.0.0.1:59670 - "OPTIONS /api/posts/1168/comments HTTP/1.1" 200 OK
INFO:     127.0.0.1:59670 - "GET /api/posts/1168/comments HTTP/1.1" 200 OK
INFO:     127.0.0.1:59672 - "OPTIONS /api/posts/1198/comments HTTP/1.1" 200 OK
INFO:     127.0.0.1:59672 - "GET /api/posts/1198/comments HTTP/1.1" 200 OK
INFO:     127.0.0.1:59672 - "OPTIONS /api/posts/1202/comments HTTP/1.1" 200 OK
INFO:     127.0.0.1:59672 - "GET /api/posts/1202/comments HTTP/1.1" 200 OK
INFO:     127.0.0.1:59672 - "OPTIONS /api/posts/1218/comments HTTP/1.1" 200 OK
INFO:     127.0.0.1:59672 - "GET /api/posts/1218/comments HTTP/1.1" 200 OK
INFO:     127.0.0.1:59672 - "OPTIONS /api/posts/1235/comments HTTP/1.1" 200 OK
INFO:     127.0.0.1:59672 - "GET /api/posts/1235/comments HTTP/1.1" 200 OK
INFO:     127.0.0.1:59672 - "OPTIONS /api/posts/1243/comments HTTP/1.1" 200 OK
INFO:     127.0.0.1:59672 - "GET /api/posts/1243/comments HTTP/1.1" 200 OK
INFO:     127.0.0.1:59675 - "OPTIONS /api/posts/1244/comments HTTP/1.1" 200 OK
INFO:     127.0.0.1:59675 - "GET /api/posts/1244/comments HTTP/1.1" 200 OK
INFO:     127.0.0.1:59675 - "OPTIONS /api/posts/1250/comments HTTP/1.1" 200 OK
INFO:     127.0.0.1:59675 - "GET /api/posts/1250/comments HTTP/1.1" 200 OK
INFO:     127.0.0.1:59675 - "OPTIONS /api/posts/1252/comments HTTP/1.1" 200 OK
INFO:     127.0.0.1:59675 - "GET /api/posts/1252/comments HTTP/1.1" 200 OK
INFO:     127.0.0.1:59675 - "OPTIONS /api/posts/1253/comments HTTP/1.1" 200 OK
INFO:     127.0.0.1:59675 - "GET /api/posts/1253/comments HTTP/1.1" 200 OK
INFO:     127.0.0.1:59699 - "POST /token HTTP/1.1" 200 OK
INFO:     127.0.0.1:59699 - "GET /api/user/me HTTP/1.1" 200 OK
INFO:     127.0.0.1:59701 - "GET /api/posts HTTP/1.1" 200 OK
INFO:     127.0.0.1:59699 - "GET /api/user/me HTTP/1.1" 200 OK
INFO:     127.0.0.1:59705 - "GET /api/posts HTTP/1.1" 200 OK
INFO:     127.0.0.1:59701 - "GET /api/posts/1008/comments HTTP/1.1" 200 OK
WARNING:  StatReload detected changes in 'app/main.py'. Reloading...
INFO:     Shutting down
INFO:     Waiting for application shutdown.
INFO:     Application shutdown complete.
INFO:     Finished server process [19243]
INFO:     Started server process [20033]
INFO:     Waiting for application startup.
INFO:     Application startup complete.
INFO:     127.0.0.1:59799 - "POST /token HTTP/1.1" 200 OK
INFO:     127.0.0.1:59801 - "GET /api/posts HTTP/1.1" 200 OK
INFO:     127.0.0.1:59809 - "GET /api/posts/1032/comments HTTP/1.1" 200 OK
INFO:     127.0.0.1:59809 - "GET /api/posts/1068/comments HTTP/1.1" 200 OK
INFO:     127.0.0.1:59815 - "GET /api/posts/1080/comments HTTP/1.1" 200 OK
INFO:     127.0.0.1:59815 - "GET /api/posts/1116/comments HTTP/1.1" 200 OK
WARNING:  StatReload detected changes in 'debug_date.py'. Reloading...
INFO:     Shutting down
INFO:     Waiting for application shutdown.
INFO:     Application shutdown complete.
INFO:     Finished server process [20033]
INFO:     Started server process [20825]
INFO:     Waiting for application startup.
INFO:     Application startup complete.
WARNING:  StatReload detected changes in 'app/main.py'. Reloading...
INFO:     Shutting down
INFO:     Waiting for application shutdown.
INFO:     Application shutdown complete.
INFO:     Finished server process [20825]
INFO:     Started server process [20967]
INFO:     Waiting for application startup.
INFO:     Application startup complete.
INFO:     127.0.0.1:59849 - "POST /token HTTP/1.1" 200 OK
INFO:     127.0.0.1:59849 - "GET /api/user/me HTTP/1.1" 200 OK
INFO:     127.0.0.1:59849 - "GET /api/posts HTTP/1.1" 200 OK
INFO:     127.0.0.1:59852 - "GET /api/user/me HTTP/1.1" 200 OK
INFO:     127.0.0.1:59853 - "GET /api/posts HTTP/1.1" 200 OK
INFO:     127.0.0.1:59849 - "GET /api/posts/1008/comments HTTP/1.1" 200 OK
INFO:     127.0.0.1:59849 - "OPTIONS /api/posts/1280/comments HTTP/1.1" 200 OK
INFO:     127.0.0.1:59849 - "GET /api/posts/1280/comments HTTP/1.1" 200 OK
INFO:     127.0.0.1:59873 - "OPTIONS /api/dashboard/summary?start_date=&end_date= HTTP/1.1" 200 OK
INFO:     127.0.0.1:59874 - "OPTIONS /api/dashboard/summary?start_date=&end_date= HTTP/1.1" 200 OK
INFO:     127.0.0.1:59873 - "GET /api/dashboard/summary?start_date=&end_date= HTTP/1.1" 200 OK
INFO:     127.0.0.1:59874 - "GET /api/dashboard/summary?start_date=&end_date= HTTP/1.1" 200 OK
INFO:     127.0.0.1:59873 - "OPTIONS /api/dashboard/summary?start_date=2016-06-21&end_date=2026-01-02 HTTP/1.1" 200 OK
INFO:     127.0.0.1:59873 - "GET /api/dashboard/summary?start_date=2016-06-21&end_date=2026-01-02 HTTP/1.1" 200 OK
INFO:     127.0.0.1:59876 - "OPTIONS /api/dashboard/summary?start_date=2021-11-21&end_date=2026-01-02 HTTP/1.1" 200 OK
INFO:     127.0.0.1:59876 - "GET /api/dashboard/summary?start_date=2021-11-21&end_date=2026-01-02 HTTP/1.1" 200 OK
INFO:     127.0.0.1:59879 - "OPTIONS /api/dashboard/summary?start_date=2023-10-21&end_date=2026-01-02 HTTP/1.1" 200 OK
INFO:     127.0.0.1:59879 - "GET /api/dashboard/summary?start_date=2023-10-21&end_date=2026-01-02 HTTP/1.1" 200 OK
INFO:     127.0.0.1:59885 - "OPTIONS /api/dashboard/summary?start_date=2023-12-21&end_date=2026-01-02 HTTP/1.1" 200 OK
INFO:     127.0.0.1:59885 - "GET /api/dashboard/summary?start_date=2023-12-21&end_date=2026-01-02 HTTP/1.1" 200 OK
INFO:     127.0.0.1:59888 - "OPTIONS /api/dashboard/summary?start_date=2024-10-21&end_date=2026-01-02 HTTP/1.1" 200 OK
INFO:     127.0.0.1:59888 - "GET /api/dashboard/summary?start_date=2024-10-21&end_date=2026-01-02 HTTP/1.1" 200 OK
INFO:     127.0.0.1:59890 - "OPTIONS /api/dashboard/summary?start_date=2025-01-21&end_date=2026-01-02 HTTP/1.1" 200 OK
INFO:     127.0.0.1:59890 - "GET /api/dashboard/summary?start_date=2025-01-21&end_date=2026-01-02 HTTP/1.1" 200 OK
INFO:     127.0.0.1:59890 - "OPTIONS /api/dashboard/summary?start_date=2025-02-21&end_date=2026-01-02 HTTP/1.1" 200 OK
INFO:     127.0.0.1:59890 - "GET /api/dashboard/summary?start_date=2025-02-21&end_date=2026-01-02 HTTP/1.1" 200 OK
INFO:     127.0.0.1:59890 - "OPTIONS /api/dashboard/summary?start_date=2025-07-21&end_date=2026-01-02 HTTP/1.1" 200 OK
INFO:     127.0.0.1:59890 - "GET /api/dashboard/summary?start_date=2025-07-21&end_date=2026-01-02 HTTP/1.1" 200 OK
INFO:     127.0.0.1:59899 - "OPTIONS /api/dashboard/summary?start_date=2025-11-21&end_date=2026-01-02 HTTP/1.1" 200 OK
INFO:     127.0.0.1:59899 - "GET /api/dashboard/summary?start_date=2025-11-21&end_date=2026-01-02 HTTP/1.1" 200 OK
INFO:     127.0.0.1:59903 - "OPTIONS /api/dashboard/summary?start_date=2016-01-21&end_date=2026-01-02 HTTP/1.1" 200 OK
INFO:     127.0.0.1:59903 - "GET /api/dashboard/summary?start_date=2016-01-21&end_date=2026-01-02 HTTP/1.1" 200 OK
INFO:     127.0.0.1:59903 - "GET /api/posts HTTP/1.1" 200 OK
INFO:     127.0.0.1:59905 - "GET /api/posts HTTP/1.1" 200 OK
INFO:     127.0.0.1:59903 - "GET /api/posts/1008/comments HTTP/1.1" 200 OK
INFO:     127.0.0.1:59903 - "OPTIONS /api/posts/1274/comments HTTP/1.1" 200 OK
INFO:     127.0.0.1:59903 - "GET /api/posts/1274/comments HTTP/1.1" 200 OK
INFO:     127.0.0.1:59903 - "OPTIONS /api/posts/1301/comments HTTP/1.1" 200 OK
INFO:     127.0.0.1:59903 - "GET /api/posts/1301/comments HTTP/1.1" 200 OK
INFO:     127.0.0.1:59974 - "POST /token HTTP/1.1" 200 OK
INFO:     127.0.0.1:59974 - "GET /api/user/me HTTP/1.1" 200 OK
Refreshing data for: @_le216_
Success: Processed 55 rows. Saved to /Users/mery/GitHub/UnthAI/Solution/backend/data/processed___le216_.csv
INFO:     127.0.0.1:59976 - "GET /api/posts HTTP/1.1" 200 OK
INFO:     127.0.0.1:59978 - "GET /api/user/me HTTP/1.1" 200 OK
INFO:     127.0.0.1:59974 - "GET /api/posts HTTP/1.1" 200 OK
INFO:     127.0.0.1:59978 - "OPTIONS /api/posts/1007/comments HTTP/1.1" 200 OK
INFO:     127.0.0.1:59978 - "GET /api/posts/1007/comments HTTP/1.1" 200 OK
INFO:     127.0.0.1:59978 - "GET /api/dashboard/summary?start_date=&end_date= HTTP/1.1" 200 OK
INFO:     127.0.0.1:59974 - "GET /api/dashboard/summary?start_date=&end_date= HTTP/1.1" 200 OK
INFO:     127.0.0.1:59978 - "OPTIONS /api/dashboard/summary?start_date=2026-01-02&end_date=2026-01-02 HTTP/1.1" 200 OK
INFO:     127.0.0.1:59978 - "GET /api/dashboard/summary?start_date=2026-01-02&end_date=2026-01-02 HTTP/1.1" 200 OK
INFO:     127.0.0.1:59989 - "GET /api/posts HTTP/1.1" 200 OK
INFO:     127.0.0.1:59989 - "GET /api/posts HTTP/1.1" 200 OK
INFO:     127.0.0.1:59992 - "GET /api/posts/1007/comments HTTP/1.1" 200 OK
INFO:     127.0.0.1:60048 - "GET /api/dashboard/summary?start_date=&end_date= HTTP/1.1" 200 OK
INFO:     127.0.0.1:60048 - "GET /api/dashboard/summary?start_date=&end_date= HTTP/1.1" 200 OK
INFO:     127.0.0.1:60050 - "GET /api/dashboard/summary?start_date=2026-01-02&end_date=2026-01-02 HTTP/1.1" 200 OK
INFO:     127.0.0.1:60057 - "OPTIONS /api/posts HTTP/1.1" 200 OK
INFO:     127.0.0.1:60058 - "OPTIONS /api/posts HTTP/1.1" 200 OK
INFO:     127.0.0.1:60058 - "GET /api/posts HTTP/1.1" 200 OK
INFO:     127.0.0.1:60057 - "GET /api/posts HTTP/1.1" 200 OK
INFO:     127.0.0.1:60058 - "GET /api/posts/1007/comments HTTP/1.1" 200 OK
WARNING:  StatReload detected changes in 'app/main.py'. Reloading...
INFO:     Shutting down
INFO:     Waiting for application shutdown.
INFO:     Application shutdown complete.
INFO:     Finished server process [20967]
INFO:     Started server process [22691]
INFO:     Waiting for application startup.
INFO:     Application startup complete.
INFO:     127.0.0.1:60103 - "POST /token HTTP/1.1" 200 OK
INFO:     127.0.0.1:60103 - "OPTIONS /api/user/me HTTP/1.1" 200 OK
INFO:     127.0.0.1:60106 - "GET /api/posts HTTP/1.1" 200 OK
INFO:     127.0.0.1:60107 - "OPTIONS /api/user/me HTTP/1.1" 200 OK
INFO:     127.0.0.1:60103 - "GET /api/user/me HTTP/1.1" 200 OK
INFO:     127.0.0.1:60107 - "GET /api/posts HTTP/1.1" 200 OK
INFO:     127.0.0.1:60106 - "GET /api/user/me HTTP/1.1" 200 OK
INFO:     127.0.0.1:60103 - "OPTIONS /api/posts/1008/comments HTTP/1.1" 200 OK
INFO:     127.0.0.1:60103 - "GET /api/posts/1008/comments HTTP/1.1" 200 OK
INFO:     127.0.0.1:60152 - "POST /token HTTP/1.1" 200 OK
INFO:     127.0.0.1:60152 - "GET /api/user/me HTTP/1.1" 200 OK
INFO:     127.0.0.1:60152 - "GET /api/posts HTTP/1.1" 200 OK
INFO:     127.0.0.1:60155 - "GET /api/user/me HTTP/1.1" 200 OK
INFO:     127.0.0.1:60156 - "GET /api/posts HTTP/1.1" 200 OK
INFO:     127.0.0.1:60152 - "GET /api/posts/1008/comments HTTP/1.1" 200 OK
INFO:     127.0.0.1:60199 - "OPTIONS /api/dashboard/summary?start_date=&end_date= HTTP/1.1" 200 OK
INFO:     127.0.0.1:60200 - "OPTIONS /api/dashboard/summary?start_date=&end_date= HTTP/1.1" 200 OK
INFO:     127.0.0.1:60200 - "GET /api/dashboard/summary?start_date=&end_date= HTTP/1.1" 200 OK
INFO:     127.0.0.1:60199 - "GET /api/dashboard/summary?start_date=&end_date= HTTP/1.1" 200 OK
INFO:     127.0.0.1:60200 - "OPTIONS /api/dashboard/summary?start_date=2016-06-21&end_date=2026-01-02 HTTP/1.1" 200 OK
INFO:     127.0.0.1:60200 - "GET /api/dashboard/summary?start_date=2016-06-21&end_date=2026-01-02 HTTP/1.1" 200 OK
INFO:     127.0.0.1:60209 - "GET /api/dashboard/summary?start_date=&end_date= HTTP/1.1" 200 OK
INFO:     127.0.0.1:60209 - "GET /api/dashboard/summary?start_date=&end_date= HTTP/1.1" 200 OK
INFO:     127.0.0.1:60212 - "GET /api/dashboard/summary?start_date=2016-06-21&end_date=2026-01-02 HTTP/1.1" 200 OK
INFO:     127.0.0.1:60212 - "GET /api/posts HTTP/1.1" 200 OK
INFO:     127.0.0.1:60209 - "GET /api/posts HTTP/1.1" 200 OK
INFO:     127.0.0.1:60212 - "GET /api/posts/1008/comments HTTP/1.1" 200 OK
INFO:     127.0.0.1:60223 - "GET /api/dashboard/summary?start_date=&end_date= HTTP/1.1" 200 OK
INFO:     127.0.0.1:60223 - "GET /api/dashboard/summary?start_date=&end_date= HTTP/1.1" 200 OK
INFO:     127.0.0.1:60226 - "GET /api/dashboard/summary?start_date=2016-06-21&end_date=2026-01-02 HTTP/1.1" 200 OK
INFO:     127.0.0.1:60228 - "OPTIONS /api/dashboard/summary?start_date=2025-01-21&end_date=2026-01-02 HTTP/1.1" 200 OK
INFO:     127.0.0.1:60228 - "GET /api/dashboard/summary?start_date=2025-01-21&end_date=2026-01-02 HTTP/1.1" 200 OK
INFO:     127.0.0.1:60228 - "GET /api/posts HTTP/1.1" 200 OK
INFO:     127.0.0.1:60231 - "GET /api/posts HTTP/1.1" 200 OK
INFO:     127.0.0.1:60228 - "GET /api/posts/1008/comments HTTP/1.1" 200 OK
INFO:     127.0.0.1:60243 - "GET /api/dashboard/summary?start_date=&end_date= HTTP/1.1" 200 OK
INFO:     127.0.0.1:60243 - "GET /api/dashboard/summary?start_date=&end_date= HTTP/1.1" 200 OK
INFO:     127.0.0.1:60245 - "GET /api/dashboard/summary?start_date=2016-06-21&end_date=2026-01-02 HTTP/1.1" 200 OK
INFO:     127.0.0.1:60251 - "GET /api/dashboard/summary?start_date=2025-01-21&end_date=2026-01-02 HTTP/1.1" 200 OK
INFO:     127.0.0.1:60273 - "GET /api/posts HTTP/1.1" 200 OK
INFO:     127.0.0.1:60276 - "GET /api/posts HTTP/1.1" 200 OK
INFO:     127.0.0.1:60273 - "GET /api/posts/1008/comments HTTP/1.1" 200 OK
WARNING:  StatReload detected changes in 'app/main.py'. Reloading...
INFO:     Shutting down
INFO:     Waiting for application shutdown.
INFO:     Application shutdown complete.
INFO:     Finished server process [22691]
INFO:     Started server process [23925]
INFO:     Waiting for application startup.
INFO:     Application startup complete.
INFO:     127.0.0.1:60326 - "GET /api/posts HTTP/1.1" 200 OK
INFO:     127.0.0.1:60326 - "GET /api/posts/1008/comments HTTP/1.1" 200 OK
INFO:     127.0.0.1:60346 - "POST /token HTTP/1.1" 200 OK
INFO:     127.0.0.1:60346 - "GET /api/user/me HTTP/1.1" 200 OK
INFO:     127.0.0.1:60348 - "GET /api/posts HTTP/1.1" 200 OK
INFO:     127.0.0.1:60346 - "GET /api/user/me HTTP/1.1" 200 OK
INFO:     127.0.0.1:60350 - "GET /api/posts HTTP/1.1" 200 OK
INFO:     127.0.0.1:60348 - "GET /api/posts/1008/comments HTTP/1.1" 200 OK
INFO:     127.0.0.1:60401 - "POST /token HTTP/1.1" 200 OK
INFO:     127.0.0.1:60401 - "GET /api/user/me HTTP/1.1" 200 OK
INFO:     127.0.0.1:60403 - "OPTIONS /api/dashboard/summary HTTP/1.1" 200 OK
Refreshing data for: @bladi_oran
Success: Processed 52 rows. Saved to /Users/mery/GitHub/UnthAI/Solution/backend/data/processed__bladi_oran.csv
INFO:     127.0.0.1:60405 - "GET /api/posts HTTP/1.1" 200 OK
INFO:     127.0.0.1:60407 - "OPTIONS /api/dashboard/summary HTTP/1.1" 200 OK
INFO:     127.0.0.1:60409 - "GET /api/user/me HTTP/1.1" 200 OK
INFO:     127.0.0.1:60403 - "GET /api/dashboard/summary HTTP/1.1" 200 OK
INFO:     127.0.0.1:60401 - "GET /api/posts HTTP/1.1" 200 OK
INFO:     127.0.0.1:60409 - "OPTIONS /api/posts/1028/comments HTTP/1.1" 200 OK
INFO:     127.0.0.1:60407 - "GET /api/dashboard/summary HTTP/1.1" 200 OK
INFO:     127.0.0.1:60403 - "OPTIONS /api/posts?start_date=2026-01-02&end_date=2026-01-02 HTTP/1.1" 200 OK
INFO:     127.0.0.1:60409 - "GET /api/posts/1028/comments HTTP/1.1" 200 OK
INFO:     127.0.0.1:60403 - "GET /api/posts?start_date=2026-01-02&end_date=2026-01-02 HTTP/1.1" 200 OK
INFO:     127.0.0.1:60403 - "GET /api/dashboard/summary?start_date=&end_date= HTTP/1.1" 200 OK
INFO:     127.0.0.1:60409 - "GET /api/dashboard/summary?start_date=&end_date= HTTP/1.1" 200 OK
INFO:     127.0.0.1:60403 - "OPTIONS /api/dashboard/summary?start_date=2026-01-02&end_date=2026-01-02 HTTP/1.1" 200 OK
INFO:     127.0.0.1:60403 - "GET /api/dashboard/summary?start_date=2026-01-02&end_date=2026-01-02 HTTP/1.1" 200 OK
INFO:     127.0.0.1:60414 - "GET /api/dashboard/summary HTTP/1.1" 200 OK
INFO:     127.0.0.1:60415 - "GET /api/posts HTTP/1.1" 200 OK
INFO:     127.0.0.1:60414 - "GET /api/dashboard/summary HTTP/1.1" 200 OK
INFO:     127.0.0.1:60415 - "GET /api/posts HTTP/1.1" 200 OK
INFO:     127.0.0.1:60417 - "GET /api/posts?start_date=2026-01-02&end_date=2026-01-02 HTTP/1.1" 200 OK
INFO:     127.0.0.1:60419 - "GET /api/posts/1028/comments HTTP/1.1" 200 OK
WARNING:  StatReload detected changes in 'app/main.py'. Reloading...
INFO:     Shutting down
INFO:     Waiting for application shutdown.
INFO:     Application shutdown complete.
INFO:     Finished server process [23925]
INFO:     Started server process [24309]
INFO:     Waiting for application startup.
INFO:     Application startup complete.
INFO:     127.0.0.1:60489 - "POST /token HTTP/1.1" 200 OK
INFO:     127.0.0.1:60489 - "OPTIONS /api/user/me HTTP/1.1" 200 OK
INFO:     127.0.0.1:60493 - "GET /api/dashboard/summary HTTP/1.1" 200 OK
INFO:     127.0.0.1:60494 - "OPTIONS /api/posts HTTP/1.1" 200 OK
INFO:     127.0.0.1:60495 - "OPTIONS /api/user/me HTTP/1.1" 200 OK
INFO:     127.0.0.1:60497 - "OPTIONS /api/posts HTTP/1.1" 200 OK
INFO:     127.0.0.1:60489 - "GET /api/user/me HTTP/1.1" 200 OK
INFO:     127.0.0.1:60493 - "GET /api/dashboard/summary HTTP/1.1" 200 OK
INFO:     127.0.0.1:60494 - "GET /api/posts HTTP/1.1" 200 OK
INFO:     127.0.0.1:60497 - "GET /api/user/me HTTP/1.1" 200 OK
INFO:     127.0.0.1:60489 - "OPTIONS /api/posts?start_date=2016-06-21&end_date=2026-01-02 HTTP/1.1" 200 OK
INFO:     127.0.0.1:60493 - "GET /api/posts HTTP/1.1" 200 OK
INFO:     127.0.0.1:60494 - "GET /api/posts?start_date=2016-06-21&end_date=2026-01-02 HTTP/1.1" 200 OK
INFO:     127.0.0.1:60497 - "OPTIONS /api/posts/1008/comments HTTP/1.1" 200 OK
INFO:     127.0.0.1:60497 - "GET /api/posts/1008/comments HTTP/1.1" 200 OK
INFO:     127.0.0.1:60499 - "OPTIONS /api/posts/1265/comments HTTP/1.1" 200 OK
INFO:     127.0.0.1:60499 - "GET /api/posts/1265/comments HTTP/1.1" 200 OK
INFO:     127.0.0.1:60523 - "POST /token HTTP/1.1" 200 OK
INFO:     127.0.0.1:60523 - "GET /api/user/me HTTP/1.1" 200 OK
INFO:     127.0.0.1:60526 - "GET /api/dashboard/summary HTTP/1.1" 200 OK
INFO:     127.0.0.1:60527 - "GET /api/posts HTTP/1.1" 200 OK
INFO:     127.0.0.1:60523 - "GET /api/user/me HTTP/1.1" 200 OK
INFO:     127.0.0.1:60526 - "GET /api/posts?start_date=2016-06-21&end_date=2026-01-02 HTTP/1.1" 200 OK
INFO:     127.0.0.1:60529 - "GET /api/dashboard/summary HTTP/1.1" 200 OK
INFO:     127.0.0.1:60523 - "GET /api/posts/1008/comments HTTP/1.1" 200 OK
INFO:     127.0.0.1:60531 - "GET /api/posts HTTP/1.1" 200 OK
INFO:     127.0.0.1:60531 - "OPTIONS /api/posts?start_date=2018-10-21&end_date=2026-01-02 HTTP/1.1" 200 OK
INFO:     127.0.0.1:60531 - "GET /api/posts?start_date=2018-10-21&end_date=2026-01-02 HTTP/1.1" 200 OK
INFO:     127.0.0.1:60538 - "GET /api/posts/1265/comments HTTP/1.1" 200 OK
INFO:     127.0.0.1:60556 - "POST /token HTTP/1.1" 200 OK
INFO:     127.0.0.1:60556 - "GET /api/user/me HTTP/1.1" 200 OK
INFO:     127.0.0.1:60559 - "GET /api/dashboard/summary HTTP/1.1" 200 OK
INFO:     127.0.0.1:60560 - "GET /api/posts HTTP/1.1" 200 OK
INFO:     127.0.0.1:60556 - "GET /api/dashboard/summary HTTP/1.1" 200 OK
INFO:     127.0.0.1:60559 - "GET /api/posts?start_date=2016-06-21&end_date=2026-01-02 HTTP/1.1" 200 OK
INFO:     127.0.0.1:60562 - "GET /api/user/me HTTP/1.1" 200 OK
INFO:     127.0.0.1:60560 - "GET /api/posts/1008/comments HTTP/1.1" 200 OK
INFO:     127.0.0.1:60564 - "GET /api/posts HTTP/1.1" 200 OK
INFO:     127.0.0.1:60564 - "GET /api/posts?start_date=2018-10-21&end_date=2026-01-02 HTTP/1.1" 200 OK
WARNING:  StatReload detected changes in 'app/main.py'. Reloading...
INFO:     Shutting down
INFO:     Waiting for application shutdown.
INFO:     Application shutdown complete.
INFO:     Finished server process [24309]
INFO:     Started server process [24857]
INFO:     Waiting for application startup.
INFO:     Application startup complete.
INFO:     127.0.0.1:60593 - "POST /token HTTP/1.1" 200 OK
INFO:     127.0.0.1:60593 - "GET /api/user/me HTTP/1.1" 200 OK
INFO:     127.0.0.1:60596 - "GET /api/dashboard/summary HTTP/1.1" 200 OK
INFO:     127.0.0.1:60597 - "GET /api/posts HTTP/1.1" 200 OK
INFO:     127.0.0.1:60599 - "GET /api/user/me HTTP/1.1" 200 OK
INFO:     127.0.0.1:60593 - "GET /api/dashboard/summary HTTP/1.1" 200 OK
INFO:     127.0.0.1:60596 - "GET /api/posts?start_date=2016-06-21&end_date=2026-01-02 HTTP/1.1" 200 OK
INFO:     127.0.0.1:60593 - "GET /api/posts/1008/comments HTTP/1.1" 200 OK
INFO:     127.0.0.1:60601 - "GET /api/posts HTTP/1.1" 200 OK
INFO:     127.0.0.1:60601 - "GET /api/posts?start_date=2018-10-21&end_date=2026-01-02 HTTP/1.1" 200 OK
INFO:     127.0.0.1:60611 - "POST /token HTTP/1.1" 200 OK
INFO:     127.0.0.1:60611 - "GET /api/user/me HTTP/1.1" 200 OK
INFO:     127.0.0.1:60614 - "GET /api/dashboard/summary HTTP/1.1" 200 OK
INFO:     127.0.0.1:60615 - "GET /api/posts HTTP/1.1" 200 OK
INFO:     127.0.0.1:60611 - "GET /api/user/me HTTP/1.1" 200 OK
INFO:     127.0.0.1:60614 - "GET /api/posts?start_date=2016-06-21&end_date=2026-01-02 HTTP/1.1" 200 OK
INFO:     127.0.0.1:60617 - "GET /api/dashboard/summary HTTP/1.1" 200 OK
INFO:     127.0.0.1:60615 - "GET /api/posts/1008/comments HTTP/1.1" 200 OK
INFO:     127.0.0.1:60619 - "GET /api/posts HTTP/1.1" 200 OK
INFO:     127.0.0.1:60621 - "OPTIONS /api/posts?start_date=2020-06-21&end_date=2026-01-02 HTTP/1.1" 200 OK
INFO:     127.0.0.1:60621 - "GET /api/posts?start_date=2020-06-21&end_date=2026-01-02 HTTP/1.1" 200 OK
WARNING:  StatReload detected changes in 'app/main.py'. Reloading...
INFO:     Shutting down
INFO:     Waiting for application shutdown.
INFO:     Application shutdown complete.
INFO:     Finished server process [24857]
INFO:     Started server process [25060]
INFO:     Waiting for application startup.
INFO:     Application startup complete.
INFO:     127.0.0.1:60678 - "POST /token HTTP/1.1" 200 OK
INFO:     127.0.0.1:60678 - "GET /api/user/me HTTP/1.1" 200 OK
INFO:     127.0.0.1:60680 - "GET /api/dashboard/summary HTTP/1.1" 200 OK
INFO:     127.0.0.1:60682 - "GET /api/posts HTTP/1.1" 200 OK
INFO:     127.0.0.1:60678 - "GET /api/dashboard/summary HTTP/1.1" 200 OK
INFO:     127.0.0.1:60680 - "GET /api/posts?start_date=2016-06-21&end_date=2026-01-02 HTTP/1.1" 200 OK
INFO:     127.0.0.1:60684 - "GET /api/user/me HTTP/1.1" 200 OK
INFO:     127.0.0.1:60682 - "GET /api/posts/1008/comments HTTP/1.1" 200 OK
INFO:     127.0.0.1:60686 - "GET /api/posts HTTP/1.1" 200 OK
INFO:     127.0.0.1:60690 - "OPTIONS /api/posts?start_date=2016-10-21&end_date=2026-01-02 HTTP/1.1" 200 OK
INFO:     127.0.0.1:60690 - "GET /api/posts?start_date=2016-10-21&end_date=2026-01-02 HTTP/1.1" 200 OK
INFO:     127.0.0.1:60724 - "POST /token HTTP/1.1" 200 OK
INFO:     127.0.0.1:60724 - "GET /api/user/me HTTP/1.1" 200 OK
INFO:     127.0.0.1:60724 - "GET /api/user/me HTTP/1.1" 200 OK
INFO:     127.0.0.1:60724 - "OPTIONS /api/dashboard/summary?start_date=&end_date= HTTP/1.1" 200 OK
INFO:     127.0.0.1:60726 - "OPTIONS /api/dashboard/summary?start_date=&end_date= HTTP/1.1" 200 OK
Refreshing data for: Amine La Cantine
Success: Processed 55 rows. Saved to /Users/mery/GitHub/UnthAI/Solution/backend/data/processed_amine_la_cantine.csv
INFO:     127.0.0.1:60724 - "GET /api/dashboard/summary?start_date=&end_date= HTTP/1.1" 200 OK
INFO:     127.0.0.1:60726 - "GET /api/dashboard/summary?start_date=&end_date= HTTP/1.1" 200 OK
INFO:     127.0.0.1:60724 - "OPTIONS /api/dashboard/summary?start_date=2025-07-28&end_date=2026-01-02 HTTP/1.1" 200 OK
INFO:     127.0.0.1:60724 - "GET /api/dashboard/summary?start_date=2025-07-28&end_date=2026-01-02 HTTP/1.1" 200 OK
INFO:     127.0.0.1:60741 - "GET /api/dashboard/summary HTTP/1.1" 200 OK
INFO:     127.0.0.1:60742 - "GET /api/posts HTTP/1.1" 200 OK
INFO:     127.0.0.1:60741 - "GET /api/dashboard/summary HTTP/1.1" 200 OK
INFO:     127.0.0.1:60742 - "GET /api/posts HTTP/1.1" 200 OK
INFO:     127.0.0.1:60745 - "OPTIONS /api/posts?start_date=2025-07-28&end_date=2026-01-02 HTTP/1.1" 200 OK
INFO:     127.0.0.1:60747 - "OPTIONS /api/posts/1014/comments HTTP/1.1" 200 OK
INFO:     127.0.0.1:60742 - "GET /api/posts?start_date=2025-07-28&end_date=2026-01-02 HTTP/1.1" 200 OK
INFO:     127.0.0.1:60747 - "GET /api/posts/1014/comments HTTP/1.1" 200 OK
INFO:     127.0.0.1:60769 - "POST /token HTTP/1.1" 200 OK
INFO:     127.0.0.1:60769 - "GET /api/user/me HTTP/1.1" 200 OK
Refreshing data for: @bakhcis_oran
Success: Processed 8 rows. Saved to /Users/mery/GitHub/UnthAI/Solution/backend/data/processed__bakhcis_oran.csv
INFO:     127.0.0.1:60772 - "GET /api/dashboard/summary HTTP/1.1" 200 OK
INFO:     127.0.0.1:60769 - "GET /api/user/me HTTP/1.1" 200 OK
INFO:     127.0.0.1:60773 - "GET /api/posts HTTP/1.1" 200 OK
INFO:     127.0.0.1:60769 - "GET /api/posts?start_date=2026-01-02&end_date=2026-01-02 HTTP/1.1" 200 OK
INFO:     127.0.0.1:60775 - "GET /api/dashboard/summary HTTP/1.1" 200 OK
INFO:     127.0.0.1:60772 - "GET /api/posts HTTP/1.1" 200 OK
INFO:     127.0.0.1:60773 - "OPTIONS /api/posts/1020/comments HTTP/1.1" 200 OK
INFO:     127.0.0.1:60773 - "GET /api/posts/1020/comments HTTP/1.1" 200 OK
INFO:     127.0.0.1:60773 - "GET /api/dashboard/summary?start_date=&end_date= HTTP/1.1" 200 OK
INFO:     127.0.0.1:60772 - "GET /api/dashboard/summary?start_date=&end_date= HTTP/1.1" 200 OK
INFO:     127.0.0.1:60773 - "GET /api/dashboard/summary?start_date=2026-01-02&end_date=2026-01-02 HTTP/1.1" 200 OK
INFO:     127.0.0.1:60780 - "GET /api/dashboard/summary HTTP/1.1" 200 OK
INFO:     127.0.0.1:60781 - "GET /api/posts HTTP/1.1" 200 OK
INFO:     127.0.0.1:60780 - "GET /api/dashboard/summary HTTP/1.1" 200 OK
INFO:     127.0.0.1:60781 - "GET /api/posts HTTP/1.1" 200 OK
INFO:     127.0.0.1:60784 - "GET /api/posts?start_date=2026-01-02&end_date=2026-01-02 HTTP/1.1" 200 OK
INFO:     127.0.0.1:60786 - "GET /api/posts/1020/comments HTTP/1.1" 200 OK
WARNING:  StatReload detected changes in 'app/main.py'. Reloading...
INFO:     Shutting down
INFO:     Waiting for application shutdown.
INFO:     Application shutdown complete.
INFO:     Finished server process [25060]
INFO:     Started server process [25267]
INFO:     Waiting for application startup.
INFO:     Application startup complete.
WARNING:  StatReload detected changes in 'app/main.py'. Reloading...
INFO:     Shutting down
INFO:     Waiting for application shutdown.
INFO:     Application shutdown complete.
INFO:     Finished server process [25267]
INFO:     Started server process [25277]
INFO:     Waiting for application startup.
INFO:     Application startup complete.
WARNING:  StatReload detected changes in 'app/main.py'. Reloading...
INFO:     Shutting down
INFO:     Waiting for application shutdown.
INFO:     Application shutdown complete.
INFO:     Finished server process [25277]
INFO:     Started server process [26369]
INFO:     Waiting for application startup.
INFO:     Application startup complete.
